Archive member included to satisfy reference by file (symbol)

d:/st/stm32cubeide_1.8.0/stm32cubeide/plugins/com.st.stm32cube.ide.mcu.externaltools.gnu-tools-for-stm32.9-2020-q2-update.win32_2.0.0.202105311346/tools/bin/../lib/gcc/arm-none-eabi/9.3.1/../../../../arm-none-eabi/lib/thumb/v7e-m+fp/hard\libc_nano.a(lib_a-errno.o)
                              ./Core/Src/syscalls.o (__errno)
d:/st/stm32cubeide_1.8.0/stm32cubeide/plugins/com.st.stm32cube.ide.mcu.externaltools.gnu-tools-for-stm32.9-2020-q2-update.win32_2.0.0.202105311346/tools/bin/../lib/gcc/arm-none-eabi/9.3.1/../../../../arm-none-eabi/lib/thumb/v7e-m+fp/hard\libc_nano.a(lib_a-exit.o)
                              d:/st/stm32cubeide_1.8.0/stm32cubeide/plugins/com.st.stm32cube.ide.mcu.externaltools.gnu-tools-for-stm32.9-2020-q2-update.win32_2.0.0.202105311346/tools/bin/../lib/gcc/arm-none-eabi/9.3.1/../../../../arm-none-eabi/lib/thumb/v7e-m+fp/hard/crt0.o (exit)
d:/st/stm32cubeide_1.8.0/stm32cubeide/plugins/com.st.stm32cube.ide.mcu.externaltools.gnu-tools-for-stm32.9-2020-q2-update.win32_2.0.0.202105311346/tools/bin/../lib/gcc/arm-none-eabi/9.3.1/../../../../arm-none-eabi/lib/thumb/v7e-m+fp/hard\libc_nano.a(lib_a-findfp.o)
                              ./Middlewares/Third_Party/FreeRTOS/Source/tasks.o (__sf_fake_stderr)
d:/st/stm32cubeide_1.8.0/stm32cubeide/plugins/com.st.stm32cube.ide.mcu.externaltools.gnu-tools-for-stm32.9-2020-q2-update.win32_2.0.0.202105311346/tools/bin/../lib/gcc/arm-none-eabi/9.3.1/../../../../arm-none-eabi/lib/thumb/v7e-m+fp/hard\libc_nano.a(lib_a-fwalk.o)
                              d:/st/stm32cubeide_1.8.0/stm32cubeide/plugins/com.st.stm32cube.ide.mcu.externaltools.gnu-tools-for-stm32.9-2020-q2-update.win32_2.0.0.202105311346/tools/bin/../lib/gcc/arm-none-eabi/9.3.1/../../../../arm-none-eabi/lib/thumb/v7e-m+fp/hard\libc_nano.a(lib_a-findfp.o) (_fwalk)
d:/st/stm32cubeide_1.8.0/stm32cubeide/plugins/com.st.stm32cube.ide.mcu.externaltools.gnu-tools-for-stm32.9-2020-q2-update.win32_2.0.0.202105311346/tools/bin/../lib/gcc/arm-none-eabi/9.3.1/../../../../arm-none-eabi/lib/thumb/v7e-m+fp/hard\libc_nano.a(lib_a-impure.o)
                              d:/st/stm32cubeide_1.8.0/stm32cubeide/plugins/com.st.stm32cube.ide.mcu.externaltools.gnu-tools-for-stm32.9-2020-q2-update.win32_2.0.0.202105311346/tools/bin/../lib/gcc/arm-none-eabi/9.3.1/../../../../arm-none-eabi/lib/thumb/v7e-m+fp/hard\libc_nano.a(lib_a-exit.o) (_global_impure_ptr)
d:/st/stm32cubeide_1.8.0/stm32cubeide/plugins/com.st.stm32cube.ide.mcu.externaltools.gnu-tools-for-stm32.9-2020-q2-update.win32_2.0.0.202105311346/tools/bin/../lib/gcc/arm-none-eabi/9.3.1/../../../../arm-none-eabi/lib/thumb/v7e-m+fp/hard\libc_nano.a(lib_a-init.o)
                              d:/st/stm32cubeide_1.8.0/stm32cubeide/plugins/com.st.stm32cube.ide.mcu.externaltools.gnu-tools-for-stm32.9-2020-q2-update.win32_2.0.0.202105311346/tools/bin/../lib/gcc/arm-none-eabi/9.3.1/../../../../arm-none-eabi/lib/thumb/v7e-m+fp/hard/crt0.o (__libc_init_array)
d:/st/stm32cubeide_1.8.0/stm32cubeide/plugins/com.st.stm32cube.ide.mcu.externaltools.gnu-tools-for-stm32.9-2020-q2-update.win32_2.0.0.202105311346/tools/bin/../lib/gcc/arm-none-eabi/9.3.1/../../../../arm-none-eabi/lib/thumb/v7e-m+fp/hard\libc_nano.a(lib_a-lock.o)
                              d:/st/stm32cubeide_1.8.0/stm32cubeide/plugins/com.st.stm32cube.ide.mcu.externaltools.gnu-tools-for-stm32.9-2020-q2-update.win32_2.0.0.202105311346/tools/bin/../lib/gcc/arm-none-eabi/9.3.1/../../../../arm-none-eabi/lib/thumb/v7e-m+fp/hard\libc_nano.a(lib_a-findfp.o) (__retarget_lock_init_recursive)
d:/st/stm32cubeide_1.8.0/stm32cubeide/plugins/com.st.stm32cube.ide.mcu.externaltools.gnu-tools-for-stm32.9-2020-q2-update.win32_2.0.0.202105311346/tools/bin/../lib/gcc/arm-none-eabi/9.3.1/../../../../arm-none-eabi/lib/thumb/v7e-m+fp/hard\libc_nano.a(lib_a-memcpy-stub.o)
                              ./Middlewares/Third_Party/FreeRTOS/Source/queue.o (memcpy)
d:/st/stm32cubeide_1.8.0/stm32cubeide/plugins/com.st.stm32cube.ide.mcu.externaltools.gnu-tools-for-stm32.9-2020-q2-update.win32_2.0.0.202105311346/tools/bin/../lib/gcc/arm-none-eabi/9.3.1/../../../../arm-none-eabi/lib/thumb/v7e-m+fp/hard\libc_nano.a(lib_a-memset.o)
                              d:/st/stm32cubeide_1.8.0/stm32cubeide/plugins/com.st.stm32cube.ide.mcu.externaltools.gnu-tools-for-stm32.9-2020-q2-update.win32_2.0.0.202105311346/tools/bin/../lib/gcc/arm-none-eabi/9.3.1/../../../../arm-none-eabi/lib/thumb/v7e-m+fp/hard/crt0.o (memset)
d:/st/stm32cubeide_1.8.0/stm32cubeide/plugins/com.st.stm32cube.ide.mcu.externaltools.gnu-tools-for-stm32.9-2020-q2-update.win32_2.0.0.202105311346/tools/bin/../lib/gcc/arm-none-eabi/9.3.1/../../../../arm-none-eabi/lib/thumb/v7e-m+fp/hard\libc_nano.a(lib_a-nano-mallocr.o)
[...]
Memory Configuration

Name             Origin             Length             Attributes
RAM              0x0000000020000000 0x0000000000018000 xrw
RAM2             0x0000000010000000 0x0000000000008000 xrw
FLASH            0x0000000008000000 0x0000000000100000 xr
*default*        0x0000000000000000 0xffffffffffffffff

Linker script and memory map

LOAD d:/st/stm32cubeide_1.8.0/stm32cubeide/plugins/com.st.stm32cube.ide.mcu.externaltools.gnu-tools-for-stm32.9-2020-q2-update.win32_2.0.0.202105311346/tools/bin/../lib/gcc/arm-none-eabi/9.3.1/thumb/v7e-m+fp/hard/crti.o
LOAD d:/st/stm32cubeide_1.8.0/stm32cubeide/plugins/com.st.stm32cube.ide.mcu.externaltools.gnu-tools-for-stm32.9-2020-q2-update.win32_2.0.0.202105311346/tools/bin/../lib/gcc/arm-none-eabi/9.3.1/thumb/v7e-m+fp/hard/crtbegin.o
LOAD d:/st/stm32cubeide_1.8.0/stm32cubeide/plugins/com.st.stm32cube.ide.mcu.externaltools.gnu-tools-for-stm32.9-2020-q2-update.win32_2.0.0.202105311346/tools/bin/../lib/gcc/arm-none-eabi/9.3.1/../../../../arm-none-eabi/lib/thumb/v7e-m+fp/hard/crt0.o
LOAD ./Core/Src/RTOSADC.o
LOAD ./Core/Src/RTOSbuttonLED.o
LOAD ./Core/Src/adc.o
LOAD ./Core/Src/dfsdm.o
LOAD ./Core/Src/freertos.o
LOAD ./Core/Src/gpio.o
LOAD ./Core/Src/i2c.o
LOAD ./Core/Src/main.o
LOAD ./Core/Src/quadspi.o
LOAD ./Core/Src/spi.o
LOAD ./Core/Src/stm32l4xx_hal_msp.o
LOAD ./Core/Src/stm32l4xx_hal_timebase_tim.o
LOAD ./Core/Src/stm32l4xx_it.o
LOAD ./Core/Src/syscalls.o
LOAD ./Core/Src/sysmem.o
LOAD ./Core/Src/system_stm32l4xx.o
LOAD ./Core/Src/usart.o
LOAD ./Core/Src/usb_otg.o
LOAD ./Core/Startup/startup_stm32l475vgtx.o
LOAD ./Drivers/STM32L4xx_HAL_Driver/Src/stm32l4xx_hal.o
LOAD ./Drivers/STM32L4xx_HAL_Driver/Src/stm32l4xx_hal_adc.o
LOAD ./Drivers/STM32L4xx_HAL_Driver/Src/stm32l4xx_hal_adc_ex.o
LOAD ./Drivers/STM32L4xx_HAL_Driver/Src/stm32l4xx_hal_cortex.o
LOAD ./Drivers/STM32L4xx_HAL_Driver/Src/stm32l4xx_hal_dfsdm.o
LOAD ./Drivers/STM32L4xx_HAL_Driver/Src/stm32l4xx_hal_dma.o
LOAD ./Drivers/STM32L4xx_HAL_Driver/Src/stm32l4xx_hal_dma_ex.o
LOAD ./Drivers/STM32L4xx_HAL_Driver/Src/stm32l4xx_hal_exti.o
LOAD ./Drivers/STM32L4xx_HAL_Driver/Src/stm32l4xx_hal_flash.o
LOAD ./Drivers/STM32L4xx_HAL_Driver/Src/stm32l4xx_hal_flash_ex.o
LOAD ./Drivers/STM32L4xx_HAL_Driver/Src/stm32l4xx_hal_flash_ramfunc.o
LOAD ./Drivers/STM32L4xx_HAL_Driver/Src/stm32l4xx_hal_gpio.o
LOAD ./Drivers/STM32L4xx_HAL_Driver/Src/stm32l4xx_hal_i2c.o
LOAD ./Drivers/STM32L4xx_HAL_Driver/Src/stm32l4xx_hal_i2c_ex.o
LOAD ./Drivers/STM32L4xx_HAL_Driver/Src/stm32l4xx_hal_pcd.o
LOAD ./Drivers/STM32L4xx_HAL_Driver/Src/stm32l4xx_hal_pcd_ex.o
LOAD ./Drivers/STM32L4xx_HAL_Driver/Src/stm32l4xx_hal_pwr.o
LOAD ./Drivers/STM32L4xx_HAL_Driver/Src/stm32l4xx_hal_pwr_ex.o
LOAD ./Drivers/STM32L4xx_HAL_Driver/Src/stm32l4xx_hal_qspi.o
LOAD ./Drivers/STM32L4xx_HAL_Driver/Src/stm32l4xx_hal_rcc.o
LOAD ./Drivers/STM32L4xx_HAL_Driver/Src/stm32l4xx_hal_rcc_ex.o
LOAD ./Drivers/STM32L4xx_HAL_Driver/Src/stm32l4xx_hal_spi.o
LOAD ./Drivers/STM32L4xx_HAL_Driver/Src/stm32l4xx_hal_spi_ex.o
LOAD ./Drivers/STM32L4xx_HAL_Driver/Src/stm32l4xx_hal_tim.o
LOAD ./Drivers/STM32L4xx_HAL_Driver/Src/stm32l4xx_hal_tim_ex.o
LOAD ./Drivers/STM32L4xx_HAL_Driver/Src/stm32l4xx_hal_uart.o
LOAD ./Drivers/STM32L4xx_HAL_Driver/Src/stm32l4xx_hal_uart_ex.o
LOAD ./Drivers/STM32L4xx_HAL_Driver/Src/stm32l4xx_ll_usb.o
LOAD ./Middlewares/Third_Party/FreeRTOS/Source/CMSIS_RTOS/cmsis_os.o
LOAD ./Middlewares/Third_Party/FreeRTOS/Source/croutine.o
LOAD ./Middlewares/Third_Party/FreeRTOS/Source/event_groups.o
LOAD ./Middlewares/Third_Party/FreeRTOS/Source/list.o
LOAD ./Middlewares/Third_Party/FreeRTOS/Source/queue.o
LOAD ./Middlewares/Third_Party/FreeRTOS/Source/stream_buffer.o
LOAD ./Middlewares/Third_Party/FreeRTOS/Source/tasks.o
LOAD ./Middlewares/Third_Party/FreeRTOS/Source/timers.o
LOAD ./Middlewares/Third_Party/FreeRTOS/Source/portable/GCC/ARM_CM4F/port.o
LOAD ./Middlewares/Third_Party/FreeRTOS/Source/portable/MemMang/heap_4.o
START GROUP
LOAD d:/st/stm32cubeide_1.8.0/stm32cubeide/plugins/com.st.stm32cube.ide.mcu.externaltools.gnu-tools-for-stm32.9-2020-q2-update.win32_2.0.0.202105311346/tools/bin/../lib/gcc/arm-none-eabi/9.3.1/../../../../arm-none-eabi/lib/thumb/v7e-m+fp/hard\libc_nano.a
LOAD d:/st/stm32cubeide_1.8.0/stm32cubeide/plugins/com.st.stm32cube.ide.mcu.externaltools.gnu-tools-for-stm32.9-2020-q2-update.win32_2.0.0.202105311346/tools/bin/../lib/gcc/arm-none-eabi/9.3.1/../../../../arm-none-eabi/lib/thumb/v7e-m+fp/hard\libm.a
END GROUP
START GROUP
LOAD d:/st/stm32cubeide_1.8.0/stm32cubeide/plugins/com.st.stm32cube.ide.mcu.externaltools.gnu-tools-for-stm32.9-2020-q2-update.win32_2.0.0.202105311346/tools/bin/../lib/gcc/arm-none-eabi/9.3.1/thumb/v7e-m+fp/hard\libgcc.a
LOAD d:/st/stm32cubeide_1.8.0/stm32cubeide/plugins/com.st.stm32cube.ide.mcu.externaltools.gnu-tools-for-stm32.9-2020-q2-update.win32_2.0.0.202105311346/tools/bin/../lib/gcc/arm-none-eabi/9.3.1/../../../../arm-none-eabi/lib/thumb/v7e-m+fp/hard\libc_nano.a
END GROUP
START GROUP
LOAD d:/st/stm32cubeide_1.8.0/stm32cubeide/plugins/com.st.stm32cube.ide.mcu.externaltools.gnu-tools-for-stm32.9-2020-q2-update.win32_2.0.0.202105311346/tools/bin/../lib/gcc/arm-none-eabi/9.3.1/thumb/v7e-m+fp/hard\libgcc.a
LOAD d:/st/stm32cubeide_1.8.0/stm32cubeide/plugins/com.st.stm32cube.ide.mcu.externaltools.gnu-tools-for-stm32.9-2020-q2-update.win32_2.0.0.202105311346/tools/bin/../lib/gcc/arm-none-eabi/9.3.1/../../../../arm-none-eabi/lib/thumb/v7e-m+fp/hard\libc_nano.a
LOAD d:/st/stm32cubeide_1.8.0/stm32cubeide/plugins/com.st.stm32cube.ide.mcu.externaltools.gnu-tools-for-stm32.9-2020-q2-update.win32_2.0.0.202105311346/tools/bin/../lib/gcc/arm-none-eabi/9.3.1/../../../../arm-none-eabi/lib/thumb/v7e-m+fp/hard\libnosys.a
END GROUP
START GROUP
LOAD d:/st/stm32cubeide_1.8.0/stm32cubeide/plugins/com.st.stm32cube.ide.mcu.externaltools.gnu-tools-for-stm32.9-2020-q2-update.win32_2.0.0.202105311346/tools/bin/../lib/gcc/arm-none-eabi/9.3.1/thumb/v7e-m+fp/hard\libgcc.a
LOAD d:/st/stm32cubeide_1.8.0/stm32cubeide/plugins/com.st.stm32cube.ide.mcu.externaltools.gnu-tools-for-stm32.9-2020-q2-update.win32_2.0.0.202105311346/tools/bin/../lib/gcc/arm-none-eabi/9.3.1/../../../../arm-none-eabi/lib/thumb/v7e-m+fp/hard\libc_nano.a
LOAD d:/st/stm32cubeide_1.8.0/stm32cubeide/plugins/com.st.stm32cube.ide.mcu.externaltools.gnu-tools-for-stm32.9-2020-q2-update.win32_2.0.0.202105311346/tools/bin/../lib/gcc/arm-none-eabi/9.3.1/../../../../arm-none-eabi/lib/thumb/v7e-m+fp/hard\libnosys.a
END GROUP
LOAD d:/st/stm32cubeide_1.8.0/stm32cubeide/plugins/com.st.stm32cube.ide.mcu.externaltools.gnu-tools-for-stm32.9-2020-q2-update.win32_2.0.0.202105311346/tools/bin/../lib/gcc/arm-none-eabi/9.3.1/thumb/v7e-m+fp/hard/crtend.o
LOAD d:/st/stm32cubeide_1.8.0/stm32cubeide/plugins/com.st.stm32cube.ide.mcu.externaltools.gnu-tools-for-stm32.9-2020-q2-update.win32_2.0.0.202105311346/tools/bin/../lib/gcc/arm-none-eabi/9.3.1/thumb/v7e-m+fp/hard/crtn.o
                0x0000000020018000                _estack = (ORIGIN (RAM) + LENGTH (RAM))
                0x0000000000000200                _Min_Heap_Size = 0x200
                0x0000000000000400                _Min_Stack_Size = 0x400

.isr_vector     0x0000000008000000      0x188
                0x0000000008000000                . = ALIGN (0x4)
 *(.isr_vector)
 .isr_vector    0x0000000008000000      0x188 ./Core/Startup/startup_stm32l475vgtx.o
                0x0000000008000000                g_pfnVectors
                0x0000000008000188                . = ALIGN (0x4)

.text           0x0000000008000190     0xa508
                0x0000000008000190                . = ALIGN (0x4)
 *(.text)
 .text          0x0000000008000190       0x40 d:/st/stm32cubeide_1.8.0/stm32cubeide/plugins/com.st.stm32cube.ide.mcu.externaltools.gnu-tools-for-stm32.9-2020-q2-update.win32_2.0.0.202105311346/tools/bin/../lib/gcc/arm-none-eabi/9.3.1/thumb/v7e-m+fp/hard/crtbegin.o
 .text          0x00000000080001d0       0xa0 d:/st/stm32cubeide_1.8.0/stm32cubeide/plugins/com.st.stm32cube.ide.mcu.externaltools.gnu-tools-for-stm32.9-2020-q2-update.win32_2.0.0.202105311346/tools/bin/../lib/gcc/arm-none-eabi/9.3.1/../../../../arm-none-eabi/lib/thumb/v7e-m+fp/hard\libc_nano.a(lib_a-memchr.o)
                0x00000000080001d0                memchr
 .text          0x0000000008000270       0x30 d:/st/stm32cubeide_1.8.0/stm32cubeide/plugins/com.st.stm32cube.ide.mcu.externaltools.gnu-tools-for-stm32.9-2020-q2-update.win32_2.0.0.202105311346/tools/bin/../lib/gcc/arm-none-eabi/9.3.1/thumb/v7e-m+fp/hard\libgcc.a(_aeabi_uldivmod.o)
                0x0000000008000270                __aeabi_uldivmod
 .text          0x00000000080002a0      0x2c4 d:/st/stm32cubeide_1.8.0/stm32cubeide/plugins/com.st.stm32cube.ide.mcu.externaltools.gnu-tools-for-stm32.9-2020-q2-update.win32_2.0.0.202105311346/tools/bin/../lib/gcc/arm-none-eabi/9.3.1/thumb/v7e-m+fp/hard\libgcc.a(_udivmoddi4.o)
                0x00000000080002a0                __udivmoddi4
 .text          0x0000000008000564        0x4 d:/st/stm32cubeide_1.8.0/stm32cubeide/plugins/com.st.stm32cube.ide.mcu.externaltools.gnu-tools-for-stm32.9-2020-q2-update.win32_2.0.0.202105311346/tools/bin/../lib/gcc/arm-none-eabi/9.3.1/thumb/v7e-m+fp/hard\libgcc.a(_dvmd_tls.o)
                0x0000000008000564                __aeabi_idiv0
                0x0000000008000564                __aeabi_ldiv0
 *(.text*)
 .text.RTOSsampleADC_A0
                0x0000000008000568       0xa4 ./Core/Src/RTOSADC.o
                0x0000000008000568                RTOSsampleADC_A0
 .text.RTOSsampleADC_A1
                0x000000000800060c       0xa4 ./Core/Src/RTOSADC.o
                0x000000000800060c                RTOSsampleADC_A1
 .text.RTOSsampleADC_A2
                0x00000000080006b0       0xa4 ./Core/Src/RTOSADC.o
                0x00000000080006b0                RTOSsampleADC_A2
 .text.RTOSsampleADC_A3
                0x0000000008000754       0xa4 ./Core/Src/RTOSADC.o
                0x0000000008000754                RTOSsampleADC_A3
 .text.RTOSsampleADC_A4
                0x00000000080007f8       0xa4 ./Core/Src/RTOSADC.o
                0x00000000080007f8                RTOSsampleADC_A4
 .text.RTOSsampleADC_A5
                0x000000000800089c       0xa4 ./Core/Src/RTOSADC.o
                0x000000000800089c                RTOSsampleADC_A5
 .text.RTOSTransmitUSART1
                0x0000000008000940       0x50 ./Core/Src/RTOSADC.o
                0x0000000008000940                RTOSTransmitUSART1
 .text.setGPIO_ODR
                0x0000000008000990       0x22 ./Core/Src/RTOSbuttonLED.o
                0x0000000008000990                setGPIO_ODR
 .text.clrGPIO_ODR
                0x00000000080009b2       0x24 ./Core/Src/RTOSbuttonLED.o
                0x00000000080009b2                clrGPIO_ODR
 .text.pollGPIO_IDR
                0x00000000080009d6       0x22 ./Core/Src/RTOSbuttonLED.o
                0x00000000080009d6                pollGPIO_IDR
 .text.RTOSbutton
                0x00000000080009f8       0x38 ./Core/Src/RTOSbuttonLED.o
                0x00000000080009f8                RTOSbutton
 .text.RTOSgreenLED
                0x0000000008000a30       0x38 ./Core/Src/RTOSbuttonLED.o
                0x0000000008000a30                RTOSgreenLED
 .text.MX_ADC1_Init
                0x0000000008000a68       0xbc ./Core/Src/adc.o
                0x0000000008000a68                MX_ADC1_Init
 .text.HAL_ADC_MspInit
                0x0000000008000b24       0xe4 ./Core/Src/adc.o
                0x0000000008000b24                HAL_ADC_MspInit
 .text.selectADC_A0
                0x0000000008000c08       0x54 ./Core/Src/adc.o
                0x0000000008000c08                selectADC_A0
 .text.selectADC_A1
                0x0000000008000c5c       0x54 ./Core/Src/adc.o
                0x0000000008000c5c                selectADC_A1
 .text.selectADC_A2
                0x0000000008000cb0       0x54 ./Core/Src/adc.o
                0x0000000008000cb0                selectADC_A2
 .text.selectADC_A3
                0x0000000008000d04       0x54 ./Core/Src/adc.o
                0x0000000008000d04                selectADC_A3
 .text.selectADC_A4
                0x0000000008000d58       0x54 ./Core/Src/adc.o
                0x0000000008000d58                selectADC_A4
 .text.selectADC_A5
                0x0000000008000dac       0x54 ./Core/Src/adc.o
                0x0000000008000dac                selectADC_A5
 .text.MX_DFSDM1_Init
                0x0000000008000e00       0x70 ./Core/Src/dfsdm.o
                0x0000000008000e00                MX_DFSDM1_Init
 .text.HAL_DFSDM_ChannelMspInit
                0x0000000008000e70       0xc8 ./Core/Src/dfsdm.o
                0x0000000008000e70                HAL_DFSDM_ChannelMspInit
 .text.vApplicationGetIdleTaskMemory
                0x0000000008000f38       0x34 ./Core/Src/freertos.o
                0x0000000008000f38                vApplicationGetIdleTaskMemory
 .text.MX_FREERTOS_Init
                0x0000000008000f6c      0x234 ./Core/Src/freertos.o
                0x0000000008000f6c                MX_FREERTOS_Init
 .text.StartDefaultTask
                0x00000000080011a0       0x20 ./Core/Src/freertos.o
                0x00000000080011a0                StartDefaultTask
 .text.StartTask02
                0x00000000080011c0       0x24 ./Core/Src/freertos.o
                0x00000000080011c0                StartTask02
 .text.StartTask03
                0x00000000080011e4       0x24 ./Core/Src/freertos.o
                0x00000000080011e4                StartTask03
 .text.StartADC_A0Task
                0x0000000008001208       0x34 ./Core/Src/freertos.o
                0x0000000008001208                StartADC_A0Task
 .text.StartADC_A1Task
                0x000000000800123c       0x34 ./Core/Src/freertos.o
                0x000000000800123c                StartADC_A1Task
 .text.StartADC_A2Task
                0x0000000008001270       0x34 ./Core/Src/freertos.o
                0x0000000008001270                StartADC_A2Task
 .text.StartADC_A3Task
                0x00000000080012a4       0x34 ./Core/Src/freertos.o
                0x00000000080012a4                StartADC_A3Task
 .text.StartADC_A4Task
                0x00000000080012d8       0x34 ./Core/Src/freertos.o
                0x00000000080012d8                StartADC_A4Task
 .text.StartADC_A5Task
                0x000000000800130c       0x34 ./Core/Src/freertos.o
                0x000000000800130c                StartADC_A5Task
 .text.StartTransmit_USART1Task
                0x0000000008001340       0x20 ./Core/Src/freertos.o
                0x0000000008001340                StartTransmit_USART1Task
 .text.MX_GPIO_Init
                0x0000000008001360      0x310 ./Core/Src/gpio.o
                0x0000000008001360                MX_GPIO_Init
 .text.MX_I2C2_Init
                0x0000000008001670       0x80 ./Core/Src/i2c.o
                0x0000000008001670                MX_I2C2_Init
 .text.HAL_I2C_MspInit
                0x00000000080016f0       0xbc ./Core/Src/i2c.o
                0x00000000080016f0                HAL_I2C_MspInit
 .text.main     0x00000000080017ac       0x3e ./Core/Src/main.o
                0x00000000080017ac                main
 *fill*         0x00000000080017ea        0x2 
 .text.SystemClock_Config
                0x00000000080017ec       0xc4 ./Core/Src/main.o
                0x00000000080017ec                SystemClock_Config
 .text.PeriphCommonClock_Config
                0x00000000080018b0       0x5c ./Core/Src/main.o
                0x00000000080018b0                PeriphCommonClock_Config
 .text.HAL_TIM_PeriodElapsedCallback
                0x000000000800190c       0x24 ./Core/Src/main.o
                0x000000000800190c                HAL_TIM_PeriodElapsedCallback
 .text.Error_Handler
                0x0000000008001930        0xa ./Core/Src/main.o
                0x0000000008001930                Error_Handler
 *fill*         0x000000000800193a        0x2 
 .text.MX_QUADSPI_Init
                0x000000000800193c       0x4c ./Core/Src/quadspi.o
                0x000000000800193c                MX_QUADSPI_Init
 .text.HAL_QSPI_MspInit
                0x0000000008001988       0x88 ./Core/Src/quadspi.o
                0x0000000008001988                HAL_QSPI_MspInit
 .text.MX_SPI3_Init
                0x0000000008001a10       0x7c ./Core/Src/spi.o
                0x0000000008001a10                MX_SPI3_Init
 .text.HAL_SPI_MspInit
                0x0000000008001a8c       0x88 ./Core/Src/spi.o
                0x0000000008001a8c                HAL_SPI_MspInit
 .text.HAL_MspInit
                0x0000000008001b14       0x50 ./Core/Src/stm32l4xx_hal_msp.o
                0x0000000008001b14                HAL_MspInit
 .text.HAL_InitTick
                0x0000000008001b64       0xac ./Core/Src/stm32l4xx_hal_timebase_tim.o
                0x0000000008001b64                HAL_InitTick
 .text.NMI_Handler
                0x0000000008001c10        0x6 ./Core/Src/stm32l4xx_it.o
                0x0000000008001c10                NMI_Handler
 .text.HardFault_Handler
                0x0000000008001c16        0x6 ./Core/Src/stm32l4xx_it.o
                0x0000000008001c16                HardFault_Handler
 .text.MemManage_Handler
                0x0000000008001c1c        0x6 ./Core/Src/stm32l4xx_it.o
                0x0000000008001c1c                MemManage_Handler
 .text.BusFault_Handler
                0x0000000008001c22        0x6 ./Core/Src/stm32l4xx_it.o
                0x0000000008001c22                BusFault_Handler
 .text.UsageFault_Handler
                0x0000000008001c28        0x6 ./Core/Src/stm32l4xx_it.o
                0x0000000008001c28                UsageFault_Handler
 .text.DebugMon_Handler
                0x0000000008001c2e        0xe ./Core/Src/stm32l4xx_it.o
                0x0000000008001c2e                DebugMon_Handler
 .text.EXTI9_5_IRQHandler
                0x0000000008001c3c       0x22 ./Core/Src/stm32l4xx_it.o
                0x0000000008001c3c                EXTI9_5_IRQHandler
 *fill*         0x0000000008001c5e        0x2 
 .text.TIM1_TRG_COM_TIM17_IRQHandler
                0x0000000008001c60       0x14 ./Core/Src/stm32l4xx_it.o
                0x0000000008001c60                TIM1_TRG_COM_TIM17_IRQHandler
 .text.EXTI15_10_IRQHandler
                0x0000000008001c74       0x28 ./Core/Src/stm32l4xx_it.o
                0x0000000008001c74                EXTI15_10_IRQHandler
 .text._sbrk    0x0000000008001c9c       0x6c ./Core/Src/sysmem.o
                0x0000000008001c9c                _sbrk
 .text.SystemInit
                0x0000000008001d08       0x24 ./Core/Src/system_stm32l4xx.o
                0x0000000008001d08                SystemInit
 .text.MX_USART1_UART_Init
                0x0000000008001d2c       0x60 ./Core/Src/usart.o
                0x0000000008001d2c                MX_USART1_UART_Init
 .text.MX_USART3_UART_Init
                0x0000000008001d8c       0x60 ./Core/Src/usart.o
                0x0000000008001d8c                MX_USART3_UART_Init
 .text.HAL_UART_MspInit
                0x0000000008001dec      0x148 ./Core/Src/usart.o
                0x0000000008001dec                HAL_UART_MspInit
 .text.MX_USB_OTG_FS_PCD_Init
                0x0000000008001f34       0x5c ./Core/Src/usb_otg.o
                0x0000000008001f34                MX_USB_OTG_FS_PCD_Init
 .text.HAL_PCD_MspInit
                0x0000000008001f90       0xd8 ./Core/Src/usb_otg.o
                0x0000000008001f90                HAL_PCD_MspInit
 .text.Reset_Handler
                0x0000000008002068       0x50 ./Core/Startup/startup_stm32l475vgtx.o
                0x0000000008002068                Reset_Handler
 .text.Default_Handler
                0x00000000080020b8        0x2 ./Core/Startup/startup_stm32l475vgtx.o
                0x00000000080020b8                RTC_Alarm_IRQHandler
                0x00000000080020b8                EXTI2_IRQHandler
                0x00000000080020b8                TIM8_TRG_COM_IRQHandler
                0x00000000080020b8                TIM8_CC_IRQHandler
                0x00000000080020b8                TIM1_CC_IRQHandler
                0x00000000080020b8                TSC_IRQHandler
                0x00000000080020b8                TAMP_STAMP_IRQHandler
                0x00000000080020b8                EXTI3_IRQHandler
                0x00000000080020b8                LPTIM2_IRQHandler
                0x00000000080020b8                DFSDM1_FLT1_IRQHandler
                0x00000000080020b8                I2C3_ER_IRQHandler
                0x00000000080020b8                DFSDM1_FLT2_IRQHandler
                0x00000000080020b8                EXTI0_IRQHandler
                0x00000000080020b8                I2C2_EV_IRQHandler
                0x00000000080020b8                CAN1_RX0_IRQHandler
                0x00000000080020b8                FPU_IRQHandler
                0x00000000080020b8                TIM1_UP_TIM16_IRQHandler
                0x00000000080020b8                ADC1_2_IRQHandler
                0x00000000080020b8                SPI1_IRQHandler
                0x00000000080020b8                TIM6_DAC_IRQHandler
                0x00000000080020b8                TIM8_UP_IRQHandler
                0x00000000080020b8                DMA2_Channel2_IRQHandler
                0x00000000080020b8                DMA1_Channel4_IRQHandler
                0x00000000080020b8                SAI2_IRQHandler
                0x00000000080020b8                DFSDM1_FLT3_IRQHandler
                0x00000000080020b8                USART3_IRQHandler
                0x00000000080020b8                DMA1_Channel7_IRQHandler
                0x00000000080020b8                CAN1_RX1_IRQHandler
                0x00000000080020b8                UART5_IRQHandler
                0x00000000080020b8                ADC3_IRQHandler
                0x00000000080020b8                TIM4_IRQHandler
                0x00000000080020b8                DMA2_Channel1_IRQHandler
                0x00000000080020b8                QUADSPI_IRQHandler
                0x00000000080020b8                I2C1_EV_IRQHandler
                0x00000000080020b8                DMA1_Channel6_IRQHandler
                0x00000000080020b8                UART4_IRQHandler
                0x00000000080020b8                DMA2_Channel4_IRQHandler
                0x00000000080020b8                TIM3_IRQHandler
                0x00000000080020b8                RCC_IRQHandler
                0x00000000080020b8                DMA1_Channel1_IRQHandler
                0x00000000080020b8                Default_Handler
                0x00000000080020b8                DMA2_Channel7_IRQHandler
                0x00000000080020b8                TIM7_IRQHandler
                0x00000000080020b8                SDMMC1_IRQHandler
                0x00000000080020b8                TIM5_IRQHandler
                0x00000000080020b8                I2C3_EV_IRQHandler
                0x00000000080020b8                RTC_WKUP_IRQHandler
                0x00000000080020b8                PVD_PVM_IRQHandler
                0x00000000080020b8                SPI2_IRQHandler
                0x00000000080020b8                CAN1_TX_IRQHandler
                0x00000000080020b8                DMA2_Channel5_IRQHandler
                0x00000000080020b8                DMA1_Channel5_IRQHandler
                0x00000000080020b8                EXTI4_IRQHandler
                0x00000000080020b8                RNG_IRQHandler
                0x00000000080020b8                DMA1_Channel3_IRQHandler
                0x00000000080020b8                COMP_IRQHandler
                0x00000000080020b8                WWDG_IRQHandler
                0x00000000080020b8                LPUART1_IRQHandler
                0x00000000080020b8                DMA2_Channel6_IRQHandler
                0x00000000080020b8                TIM2_IRQHandler
                0x00000000080020b8                EXTI1_IRQHandler
                0x00000000080020b8                USART2_IRQHandler
                0x00000000080020b8                DFSDM1_FLT0_IRQHandler
                0x00000000080020b8                I2C2_ER_IRQHandler
                0x00000000080020b8                DMA1_Channel2_IRQHandler
                0x00000000080020b8                TIM8_BRK_IRQHandler
                0x00000000080020b8                CAN1_SCE_IRQHandler
                0x00000000080020b8                FLASH_IRQHandler
                0x00000000080020b8                USART1_IRQHandler
                0x00000000080020b8                OTG_FS_IRQHandler
                0x00000000080020b8                SPI3_IRQHandler
                0x00000000080020b8                I2C1_ER_IRQHandler
                0x00000000080020b8                FMC_IRQHandler
                0x00000000080020b8                SWPMI1_IRQHandler
                0x00000000080020b8                LPTIM1_IRQHandler
                0x00000000080020b8                SAI1_IRQHandler
                0x00000000080020b8                DMA2_Channel3_IRQHandler
                0x00000000080020b8                TIM1_BRK_TIM15_IRQHandler
 .text.HAL_Init
                0x00000000080020ba       0x30 ./Drivers/STM32L4xx_HAL_Driver/Src/stm32l4xx_hal.o
                0x00000000080020ba                HAL_Init
 *fill*         0x00000000080020ea        0x2 
 .text.HAL_IncTick
                0x00000000080020ec       0x28 ./Drivers/STM32L4xx_HAL_Driver/Src/stm32l4xx_hal.o
                0x00000000080020ec                HAL_IncTick
 .text.HAL_GetTick
                0x0000000008002114       0x18 ./Drivers/STM32L4xx_HAL_Driver/Src/stm32l4xx_hal.o
                0x0000000008002114                HAL_GetTick
 .text.HAL_Delay
                0x000000000800212c       0x48 ./Drivers/STM32L4xx_HAL_Driver/Src/stm32l4xx_hal.o
                0x000000000800212c                HAL_Delay
 .text.LL_ADC_SetCommonClock
                0x0000000008002174       0x26 ./Drivers/STM32L4xx_HAL_Driver/Src/stm32l4xx_hal_adc.o
 .text.LL_ADC_SetCommonPathInternalCh
                0x000000000800219a       0x26 ./Drivers/STM32L4xx_HAL_Driver/Src/stm32l4xx_hal_adc.o
 .text.LL_ADC_GetCommonPathInternalCh
                0x00000000080021c0       0x1c ./Drivers/STM32L4xx_HAL_Driver/Src/stm32l4xx_hal_adc.o
 .text.LL_ADC_SetOffset
                0x00000000080021dc       0x48 ./Drivers/STM32L4xx_HAL_Driver/Src/stm32l4xx_hal_adc.o
 .text.LL_ADC_GetOffsetChannel
                0x0000000008002224       0x2c ./Drivers/STM32L4xx_HAL_Driver/Src/stm32l4xx_hal_adc.o
 .text.LL_ADC_SetOffsetState
                0x0000000008002250       0x36 ./Drivers/STM32L4xx_HAL_Driver/Src/stm32l4xx_hal_adc.o
 .text.LL_ADC_REG_IsTriggerSourceSWStart
                0x0000000008002286       0x26 ./Drivers/STM32L4xx_HAL_Driver/Src/stm32l4xx_hal_adc.o
 .text.LL_ADC_REG_SetSequencerRanks
                0x00000000080022ac       0x58 ./Drivers/STM32L4xx_HAL_Driver/Src/stm32l4xx_hal_adc.o
 .text.LL_ADC_SetChannelSamplingTime
                0x0000000008002304       0x56 ./Drivers/STM32L4xx_HAL_Driver/Src/stm32l4xx_hal_adc.o
 *fill*         0x000000000800235a        0x2 
 .text.LL_ADC_SetChannelSingleDiff
                0x000000000800235c       0x48 ./Drivers/STM32L4xx_HAL_Driver/Src/stm32l4xx_hal_adc.o
 .text.LL_ADC_GetMultimode
                0x00000000080023a4       0x1c ./Drivers/STM32L4xx_HAL_Driver/Src/stm32l4xx_hal_adc.o
 .text.LL_ADC_GetMultiDMATransfer
                0x00000000080023c0       0x1c ./Drivers/STM32L4xx_HAL_Driver/Src/stm32l4xx_hal_adc.o
 .text.LL_ADC_DisableDeepPowerDown
                0x00000000080023dc       0x24 ./Drivers/STM32L4xx_HAL_Driver/Src/stm32l4xx_hal_adc.o
 .text.LL_ADC_IsDeepPowerDownEnabled
                0x0000000008002400       0x28 ./Drivers/STM32L4xx_HAL_Driver/Src/stm32l4xx_hal_adc.o
 .text.LL_ADC_EnableInternalRegulator
                0x0000000008002428       0x28 ./Drivers/STM32L4xx_HAL_Driver/Src/stm32l4xx_hal_adc.o
 .text.LL_ADC_IsInternalRegulatorEnabled
                0x0000000008002450       0x28 ./Drivers/STM32L4xx_HAL_Driver/Src/stm32l4xx_hal_adc.o
 .text.LL_ADC_Enable
                0x0000000008002478       0x28 ./Drivers/STM32L4xx_HAL_Driver/Src/stm32l4xx_hal_adc.o
 .text.LL_ADC_Disable
                0x00000000080024a0       0x28 ./Drivers/STM32L4xx_HAL_Driver/Src/stm32l4xx_hal_adc.o
 .text.LL_ADC_IsEnabled
                0x00000000080024c8       0x26 ./Drivers/STM32L4xx_HAL_Driver/Src/stm32l4xx_hal_adc.o
 .text.LL_ADC_IsDisableOngoing
                0x00000000080024ee       0x26 ./Drivers/STM32L4xx_HAL_Driver/Src/stm32l4xx_hal_adc.o
 .text.LL_ADC_REG_StartConversion
                0x0000000008002514       0x28 ./Drivers/STM32L4xx_HAL_Driver/Src/stm32l4xx_hal_adc.o
 .text.LL_ADC_REG_StopConversion
                0x000000000800253c       0x28 ./Drivers/STM32L4xx_HAL_Driver/Src/stm32l4xx_hal_adc.o
 .text.LL_ADC_REG_IsConversionOngoing
                0x0000000008002564       0x26 ./Drivers/STM32L4xx_HAL_Driver/Src/stm32l4xx_hal_adc.o
 .text.LL_ADC_INJ_StopConversion
                0x000000000800258a       0x28 ./Drivers/STM32L4xx_HAL_Driver/Src/stm32l4xx_hal_adc.o
 .text.LL_ADC_INJ_IsConversionOngoing
                0x00000000080025b2       0x26 ./Drivers/STM32L4xx_HAL_Driver/Src/stm32l4xx_hal_adc.o
 .text.HAL_ADC_Init
                0x00000000080025d8      0x2ac ./Drivers/STM32L4xx_HAL_Driver/Src/stm32l4xx_hal_adc.o
                0x00000000080025d8                HAL_ADC_Init
 .text.HAL_ADC_Start
                0x0000000008002884      0x174 ./Drivers/STM32L4xx_HAL_Driver/Src/stm32l4xx_hal_adc.o
                0x0000000008002884                HAL_ADC_Start
 .text.HAL_ADC_Stop
                0x00000000080029f8       0x66 ./Drivers/STM32L4xx_HAL_Driver/Src/stm32l4xx_hal_adc.o
                0x00000000080029f8                HAL_ADC_Stop
 *fill*         0x0000000008002a5e        0x2 
 .text.HAL_ADC_PollForConversion
                0x0000000008002a60      0x1b0 ./Drivers/STM32L4xx_HAL_Driver/Src/stm32l4xx_hal_adc.o
                0x0000000008002a60                HAL_ADC_PollForConversion
 .text.HAL_ADC_GetValue
                0x0000000008002c10       0x1a ./Drivers/STM32L4xx_HAL_Driver/Src/stm32l4xx_hal_adc.o
                0x0000000008002c10                HAL_ADC_GetValue
 *fill*         0x0000000008002c2a        0x2 
 .text.HAL_ADC_ConfigChannel
                0x0000000008002c2c      0x7e0 ./Drivers/STM32L4xx_HAL_Driver/Src/stm32l4xx_hal_adc.o
                0x0000000008002c2c                HAL_ADC_ConfigChannel
 .text.ADC_ConversionStop
                0x000000000800340c      0x178 ./Drivers/STM32L4xx_HAL_Driver/Src/stm32l4xx_hal_adc.o
                0x000000000800340c                ADC_ConversionStop
 .text.ADC_Enable
                0x0000000008003584       0xc4 ./Drivers/STM32L4xx_HAL_Driver/Src/stm32l4xx_hal_adc.o
                0x0000000008003584                ADC_Enable
 .text.ADC_Disable
                0x0000000008003648       0xbe ./Drivers/STM32L4xx_HAL_Driver/Src/stm32l4xx_hal_adc.o
                0x0000000008003648                ADC_Disable
 .text.LL_ADC_IsEnabled
                0x0000000008003706       0x26 ./Drivers/STM32L4xx_HAL_Driver/Src/stm32l4xx_hal_adc_ex.o
 .text.LL_ADC_REG_IsConversionOngoing
                0x000000000800372c       0x26 ./Drivers/STM32L4xx_HAL_Driver/Src/stm32l4xx_hal_adc_ex.o
 *fill*         0x0000000008003752        0x2 
 .text.HAL_ADCEx_MultiModeConfigChannel
                0x0000000008003754      0x160 ./Drivers/STM32L4xx_HAL_Driver/Src/stm32l4xx_hal_adc_ex.o
                0x0000000008003754                HAL_ADCEx_MultiModeConfigChannel
 .text.__NVIC_SetPriorityGrouping
                0x00000000080038b4       0x48 ./Drivers/STM32L4xx_HAL_Driver/Src/stm32l4xx_hal_cortex.o
 .text.__NVIC_GetPriorityGrouping
                0x00000000080038fc       0x1c ./Drivers/STM32L4xx_HAL_Driver/Src/stm32l4xx_hal_cortex.o
 .text.__NVIC_EnableIRQ
                0x0000000008003918       0x3c ./Drivers/STM32L4xx_HAL_Driver/Src/stm32l4xx_hal_cortex.o
 .text.__NVIC_SetPriority
                0x0000000008003954       0x54 ./Drivers/STM32L4xx_HAL_Driver/Src/stm32l4xx_hal_cortex.o
 .text.NVIC_EncodePriority
                0x00000000080039a8       0x66 ./Drivers/STM32L4xx_HAL_Driver/Src/stm32l4xx_hal_cortex.o
 .text.HAL_NVIC_SetPriorityGrouping
                0x0000000008003a0e       0x16 ./Drivers/STM32L4xx_HAL_Driver/Src/stm32l4xx_hal_cortex.o
                0x0000000008003a0e                HAL_NVIC_SetPriorityGrouping
 .text.HAL_NVIC_SetPriority
                0x0000000008003a24       0x38 ./Drivers/STM32L4xx_HAL_Driver/Src/stm32l4xx_hal_cortex.o
                0x0000000008003a24                HAL_NVIC_SetPriority
 .text.HAL_NVIC_EnableIRQ
                0x0000000008003a5c       0x1c ./Drivers/STM32L4xx_HAL_Driver/Src/stm32l4xx_hal_cortex.o
                0x0000000008003a5c                HAL_NVIC_EnableIRQ
 .text.HAL_DFSDM_ChannelInit
                0x0000000008003a78      0x180 ./Drivers/STM32L4xx_HAL_Driver/Src/stm32l4xx_hal_dfsdm.o
                0x0000000008003a78                HAL_DFSDM_ChannelInit
 .text.DFSDM_GetChannelFromInstance
                0x0000000008003bf8       0x98 ./Drivers/STM32L4xx_HAL_Driver/Src/stm32l4xx_hal_dfsdm.o
 .text.HAL_GPIO_Init
                0x0000000008003c90      0x354 ./Drivers/STM32L4xx_HAL_Driver/Src/stm32l4xx_hal_gpio.o
                0x0000000008003c90                HAL_GPIO_Init
 .text.HAL_GPIO_WritePin
                0x0000000008003fe4       0x30 ./Drivers/STM32L4xx_HAL_Driver/Src/stm32l4xx_hal_gpio.o
                0x0000000008003fe4                HAL_GPIO_WritePin
 .text.HAL_GPIO_EXTI_IRQHandler
                0x0000000008004014       0x30 ./Drivers/STM32L4xx_HAL_Driver/Src/stm32l4xx_hal_gpio.o
                0x0000000008004014                HAL_GPIO_EXTI_IRQHandler
 .text.HAL_GPIO_EXTI_Callback
                0x0000000008004044       0x16 ./Drivers/STM32L4xx_HAL_Driver/Src/stm32l4xx_hal_gpio.o
                0x0000000008004044                HAL_GPIO_EXTI_Callback
 .text.HAL_I2C_Init
                0x000000000800405a      0x11e ./Drivers/STM32L4xx_HAL_Driver/Src/stm32l4xx_hal_i2c.o
                0x000000000800405a                HAL_I2C_Init
 .text.HAL_I2CEx_ConfigAnalogFilter
                0x0000000008004178       0x96 ./Drivers/STM32L4xx_HAL_Driver/Src/stm32l4xx_hal_i2c_ex.o
                0x0000000008004178                HAL_I2CEx_ConfigAnalogFilter
 .text.HAL_I2CEx_ConfigDigitalFilter
                0x000000000800420e       0x98 ./Drivers/STM32L4xx_HAL_Driver/Src/stm32l4xx_hal_i2c_ex.o
                0x000000000800420e                HAL_I2CEx_ConfigDigitalFilter
 .text.HAL_PCD_Init
                0x00000000080042a6      0x248 ./Drivers/STM32L4xx_HAL_Driver/Src/stm32l4xx_hal_pcd.o
                0x00000000080042a6                HAL_PCD_Init
 .text.HAL_PCDEx_ActivateLPM
                0x00000000080044ee       0x48 ./Drivers/STM32L4xx_HAL_Driver/Src/stm32l4xx_hal_pcd_ex.o
                0x00000000080044ee                HAL_PCDEx_ActivateLPM
 *fill*         0x0000000008004536        0x2 
 .text.HAL_PWR_EnableBkUpAccess
                0x0000000008004538       0x20 ./Drivers/STM32L4xx_HAL_Driver/Src/stm32l4xx_hal_pwr.o
                0x0000000008004538                HAL_PWR_EnableBkUpAccess
 .text.HAL_PWREx_GetVoltageRange
                0x0000000008004558       0x1c ./Drivers/STM32L4xx_HAL_Driver/Src/stm32l4xx_hal_pwr_ex.o
                0x0000000008004558                HAL_PWREx_GetVoltageRange
 .text.HAL_PWREx_ControlVoltageScaling
                0x0000000008004574       0xac ./Drivers/STM32L4xx_HAL_Driver/Src/stm32l4xx_hal_pwr_ex.o
                0x0000000008004574                HAL_PWREx_ControlVoltageScaling
 .text.HAL_PWREx_EnableVddUSB
                0x0000000008004620       0x20 ./Drivers/STM32L4xx_HAL_Driver/Src/stm32l4xx_hal_pwr_ex.o
                0x0000000008004620                HAL_PWREx_EnableVddUSB
 .text.HAL_QSPI_Init
                0x0000000008004640       0xec ./Drivers/STM32L4xx_HAL_Driver/Src/stm32l4xx_hal_qspi.o
                0x0000000008004640                HAL_QSPI_Init
 .text.HAL_QSPI_SetTimeout
                0x000000000800472c       0x1c ./Drivers/STM32L4xx_HAL_Driver/Src/stm32l4xx_hal_qspi.o
                0x000000000800472c                HAL_QSPI_SetTimeout
 .text.QSPI_WaitFlagStateUntilTimeout
                0x0000000008004748       0x6e ./Drivers/STM32L4xx_HAL_Driver/Src/stm32l4xx_hal_qspi.o
 *fill*         0x00000000080047b6        0x2 
 .text.HAL_RCC_OscConfig
                0x00000000080047b8      0x7cc ./Drivers/STM32L4xx_HAL_Driver/Src/stm32l4xx_hal_rcc.o
                0x00000000080047b8                HAL_RCC_OscConfig
 .text.HAL_RCC_ClockConfig
                0x0000000008004f84      0x1c4 ./Drivers/STM32L4xx_HAL_Driver/Src/stm32l4xx_hal_rcc.o
                0x0000000008004f84                HAL_RCC_ClockConfig
 .text.HAL_RCC_GetSysClockFreq
                0x0000000008005148      0x118 ./Drivers/STM32L4xx_HAL_Driver/Src/stm32l4xx_hal_rcc.o
                0x0000000008005148                HAL_RCC_GetSysClockFreq
 .text.HAL_RCC_GetHCLKFreq
                0x0000000008005260       0x18 ./Drivers/STM32L4xx_HAL_Driver/Src/stm32l4xx_hal_rcc.o
                0x0000000008005260                HAL_RCC_GetHCLKFreq
 .text.HAL_RCC_GetPCLK1Freq
                0x0000000008005278       0x2c ./Drivers/STM32L4xx_HAL_Driver/Src/stm32l4xx_hal_rcc.o
                0x0000000008005278                HAL_RCC_GetPCLK1Freq
 .text.HAL_RCC_GetPCLK2Freq
                0x00000000080052a4       0x2c ./Drivers/STM32L4xx_HAL_Driver/Src/stm32l4xx_hal_rcc.o
                0x00000000080052a4                HAL_RCC_GetPCLK2Freq
 .text.HAL_RCC_GetClockConfig
                0x00000000080052d0       0x64 ./Drivers/STM32L4xx_HAL_Driver/Src/stm32l4xx_hal_rcc.o
                0x00000000080052d0                HAL_RCC_GetClockConfig
 .text.RCC_SetFlashLatencyFromMSIRange
                0x0000000008005334       0xc0 ./Drivers/STM32L4xx_HAL_Driver/Src/stm32l4xx_hal_rcc.o
 .text.HAL_RCCEx_PeriphCLKConfig
                0x00000000080053f4      0x5d4 ./Drivers/STM32L4xx_HAL_Driver/Src/stm32l4xx_hal_rcc_ex.o
                0x00000000080053f4                HAL_RCCEx_PeriphCLKConfig
 .text.HAL_RCCEx_EnableMSIPLLMode
                0x00000000080059c8       0x20 ./Drivers/STM32L4xx_HAL_Driver/Src/stm32l4xx_hal_rcc_ex.o
                0x00000000080059c8                HAL_RCCEx_EnableMSIPLLMode
 .text.RCCEx_PLLSAI1_Config
                0x00000000080059e8      0x1e8 ./Drivers/STM32L4xx_HAL_Driver/Src/stm32l4xx_hal_rcc_ex.o
 .text.RCCEx_PLLSAI2_Config
                0x0000000008005bd0      0x1bc ./Drivers/STM32L4xx_HAL_Driver/Src/stm32l4xx_hal_rcc_ex.o
 .text.HAL_SPI_Init
                0x0000000008005d8c      0x146 ./Drivers/STM32L4xx_HAL_Driver/Src/stm32l4xx_hal_spi.o
                0x0000000008005d8c                HAL_SPI_Init
 .text.HAL_TIM_Base_Init
                0x0000000008005ed2       0xae ./Drivers/STM32L4xx_HAL_Driver/Src/stm32l4xx_hal_tim.o
                0x0000000008005ed2                HAL_TIM_Base_Init
 .text.HAL_TIM_Base_MspInit
                0x0000000008005f80       0x14 ./Drivers/STM32L4xx_HAL_Driver/Src/stm32l4xx_hal_tim.o
                0x0000000008005f80                HAL_TIM_Base_MspInit
 .text.HAL_TIM_Base_Start_IT
                0x0000000008005f94       0xe0 ./Drivers/STM32L4xx_HAL_Driver/Src/stm32l4xx_hal_tim.o
                0x0000000008005f94                HAL_TIM_Base_Start_IT
 .text.HAL_TIM_IRQHandler
                0x0000000008006074      0x23e ./Drivers/STM32L4xx_HAL_Driver/Src/stm32l4xx_hal_tim.o
                0x0000000008006074                HAL_TIM_IRQHandler
 .text.HAL_TIM_OC_DelayElapsedCallback
                0x00000000080062b2       0x14 ./Drivers/STM32L4xx_HAL_Driver/Src/stm32l4xx_hal_tim.o
                0x00000000080062b2                HAL_TIM_OC_DelayElapsedCallback
 .text.HAL_TIM_IC_CaptureCallback
                0x00000000080062c6       0x14 ./Drivers/STM32L4xx_HAL_Driver/Src/stm32l4xx_hal_tim.o
                0x00000000080062c6                HAL_TIM_IC_CaptureCallback
 .text.HAL_TIM_PWM_PulseFinishedCallback
                0x00000000080062da       0x14 ./Drivers/STM32L4xx_HAL_Driver/Src/stm32l4xx_hal_tim.o
                0x00000000080062da                HAL_TIM_PWM_PulseFinishedCallback
 .text.HAL_TIM_TriggerCallback
                0x00000000080062ee       0x14 ./Drivers/STM32L4xx_HAL_Driver/Src/stm32l4xx_hal_tim.o
                0x00000000080062ee                HAL_TIM_TriggerCallback
 *fill*         0x0000000008006302        0x2 
 .text.TIM_Base_SetConfig
                0x0000000008006304      0x134 ./Drivers/STM32L4xx_HAL_Driver/Src/stm32l4xx_hal_tim.o
                0x0000000008006304                TIM_Base_SetConfig
 .text.HAL_TIMEx_CommutCallback
                0x0000000008006438       0x14 ./Drivers/STM32L4xx_HAL_Driver/Src/stm32l4xx_hal_tim_ex.o
                0x0000000008006438                HAL_TIMEx_CommutCallback
 .text.HAL_TIMEx_BreakCallback
                0x000000000800644c       0x14 ./Drivers/STM32L4xx_HAL_Driver/Src/stm32l4xx_hal_tim_ex.o
                0x000000000800644c                HAL_TIMEx_BreakCallback
 .text.HAL_TIMEx_Break2Callback
                0x0000000008006460       0x14 ./Drivers/STM32L4xx_HAL_Driver/Src/stm32l4xx_hal_tim_ex.o
                0x0000000008006460                HAL_TIMEx_Break2Callback
 .text.HAL_UART_Init
                0x0000000008006474       0x9c ./Drivers/STM32L4xx_HAL_Driver/Src/stm32l4xx_hal_uart.o
                0x0000000008006474                HAL_UART_Init
 .text.HAL_UART_Transmit
                0x0000000008006510      0x128 ./Drivers/STM32L4xx_HAL_Driver/Src/stm32l4xx_hal_uart.o
                0x0000000008006510                HAL_UART_Transmit
 .text.UART_SetConfig
                0x0000000008006638      0x514 ./Drivers/STM32L4xx_HAL_Driver/Src/stm32l4xx_hal_uart.o
                0x0000000008006638                UART_SetConfig
 .text.UART_AdvFeatureConfig
                0x0000000008006b4c      0x144 ./Drivers/STM32L4xx_HAL_Driver/Src/stm32l4xx_hal_uart.o
                0x0000000008006b4c                UART_AdvFeatureConfig
 .text.UART_CheckIdleState
                0x0000000008006c90       0x92 ./Drivers/STM32L4xx_HAL_Driver/Src/stm32l4xx_hal_uart.o
                0x0000000008006c90                UART_CheckIdleState
 .text.UART_WaitOnFlagUntilTimeout
                0x0000000008006d22      0x188 ./Drivers/STM32L4xx_HAL_Driver/Src/stm32l4xx_hal_uart.o
                0x0000000008006d22                UART_WaitOnFlagUntilTimeout
 .text.USB_CoreInit
                0x0000000008006eaa       0x58 ./Drivers/STM32L4xx_HAL_Driver/Src/stm32l4xx_ll_usb.o
                0x0000000008006eaa                USB_CoreInit
 .text.USB_DisableGlobalInt
                0x0000000008006f02       0x22 ./Drivers/STM32L4xx_HAL_Driver/Src/stm32l4xx_ll_usb.o
                0x0000000008006f02                USB_DisableGlobalInt
 .text.USB_SetCurrentMode
                0x0000000008006f24       0x98 ./Drivers/STM32L4xx_HAL_Driver/Src/stm32l4xx_ll_usb.o
                0x0000000008006f24                USB_SetCurrentMode
 .text.USB_DevInit
                0x0000000008006fbc      0x298 ./Drivers/STM32L4xx_HAL_Driver/Src/stm32l4xx_ll_usb.o
                0x0000000008006fbc                USB_DevInit
 .text.USB_FlushTxFifo
                0x0000000008007254       0x64 ./Drivers/STM32L4xx_HAL_Driver/Src/stm32l4xx_ll_usb.o
                0x0000000008007254                USB_FlushTxFifo
 .text.USB_FlushRxFifo
                0x00000000080072b8       0x5c ./Drivers/STM32L4xx_HAL_Driver/Src/stm32l4xx_ll_usb.o
                0x00000000080072b8                USB_FlushRxFifo
 .text.USB_SetDevSpeed
                0x0000000008007314       0x32 ./Drivers/STM32L4xx_HAL_Driver/Src/stm32l4xx_ll_usb.o
                0x0000000008007314                USB_SetDevSpeed
 .text.USB_DevDisconnect
                0x0000000008007346       0x42 ./Drivers/STM32L4xx_HAL_Driver/Src/stm32l4xx_ll_usb.o
                0x0000000008007346                USB_DevDisconnect
 .text.USB_GetMode
                0x0000000008007388       0x1c ./Drivers/STM32L4xx_HAL_Driver/Src/stm32l4xx_ll_usb.o
                0x0000000008007388                USB_GetMode
 .text.USB_CoreReset
                0x00000000080073a4       0x64 ./Drivers/STM32L4xx_HAL_Driver/Src/stm32l4xx_ll_usb.o
 .text.makeFreeRtosPriority
                0x0000000008007408       0x30 ./Middlewares/Third_Party/FreeRTOS/Source/CMSIS_RTOS/cmsis_os.o
 .text.inHandlerMode
                0x0000000008007438       0x24 ./Middlewares/Third_Party/FreeRTOS/Source/CMSIS_RTOS/cmsis_os.o
 .text.osKernelStart
                0x000000000800745c        0xe ./Middlewares/Third_Party/FreeRTOS/Source/CMSIS_RTOS/cmsis_os.o
                0x000000000800745c                osKernelStart
 .text.osKernelSysTick
                0x000000000800746a       0x20 ./Middlewares/Third_Party/FreeRTOS/Source/CMSIS_RTOS/cmsis_os.o
                0x000000000800746a                osKernelSysTick
 .text.osThreadCreate
                0x000000000800748a       0x98 ./Middlewares/Third_Party/FreeRTOS/Source/CMSIS_RTOS/cmsis_os.o
                0x000000000800748a                osThreadCreate
 .text.osDelay  0x0000000008007522       0x28 ./Middlewares/Third_Party/FreeRTOS/Source/CMSIS_RTOS/cmsis_os.o
                0x0000000008007522                osDelay
 .text.osPoolCreate
                0x000000000800754a       0xba ./Middlewares/Third_Party/FreeRTOS/Source/CMSIS_RTOS/cmsis_os.o
                0x000000000800754a                osPoolCreate
 .text.osPoolAlloc
                0x0000000008007604       0xc4 ./Middlewares/Third_Party/FreeRTOS/Source/CMSIS_RTOS/cmsis_os.o
                0x0000000008007604                osPoolAlloc
 .text.osPoolFree
                0x00000000080076c8       0x82 ./Middlewares/Third_Party/FreeRTOS/Source/CMSIS_RTOS/cmsis_os.o
                0x00000000080076c8                osPoolFree
 .text.osMessageCreate
                0x000000000800774a       0x50 ./Middlewares/Third_Party/FreeRTOS/Source/CMSIS_RTOS/cmsis_os.o
                0x000000000800774a                osMessageCreate
 *fill*         0x000000000800779a        0x2 
 .text.osMessagePut
                0x000000000800779c       0x80 ./Middlewares/Third_Party/FreeRTOS/Source/CMSIS_RTOS/cmsis_os.o
                0x000000000800779c                osMessagePut
 .text.osMessageGet
                0x000000000800781c       0xe8 ./Middlewares/Third_Party/FreeRTOS/Source/CMSIS_RTOS/cmsis_os.o
                0x000000000800781c                osMessageGet
 .text.osDelayUntil
                0x0000000008007904       0x2c ./Middlewares/Third_Party/FreeRTOS/Source/CMSIS_RTOS/cmsis_os.o
                0x0000000008007904                osDelayUntil
 .text.vListInitialise
                0x0000000008007930       0x40 ./Middlewares/Third_Party/FreeRTOS/Source/list.o
                0x0000000008007930                vListInitialise
 .text.vListInitialiseItem
                0x0000000008007970       0x1a ./Middlewares/Third_Party/FreeRTOS/Source/list.o
                0x0000000008007970                vListInitialiseItem
 .text.vListInsertEnd
                0x000000000800798a       0x48 ./Middlewares/Third_Party/FreeRTOS/Source/list.o
                0x000000000800798a                vListInsertEnd
 .text.vListInsert
                0x00000000080079d2       0x72 ./Middlewares/Third_Party/FreeRTOS/Source/list.o
                0x00000000080079d2                vListInsert
 .text.uxListRemove
                0x0000000008007a44       0x54 ./Middlewares/Third_Party/FreeRTOS/Source/list.o
                0x0000000008007a44                uxListRemove
 .text.xQueueGenericReset
                0x0000000008007a98       0xd0 ./Middlewares/Third_Party/FreeRTOS/Source/queue.o
                0x0000000008007a98                xQueueGenericReset
 .text.xQueueGenericCreateStatic
                0x0000000008007b68       0xf0 ./Middlewares/Third_Party/FreeRTOS/Source/queue.o
                0x0000000008007b68                xQueueGenericCreateStatic
 .text.xQueueGenericCreate
                0x0000000008007c58       0x74 ./Middlewares/Third_Party/FreeRTOS/Source/queue.o
                0x0000000008007c58                xQueueGenericCreate
 .text.prvInitialiseNewQueue
                0x0000000008007ccc       0x3e ./Middlewares/Third_Party/FreeRTOS/Source/queue.o
 *fill*         0x0000000008007d0a        0x2 
 .text.xQueueGenericSend
                0x0000000008007d0c      0x1fc ./Middlewares/Third_Party/FreeRTOS/Source/queue.o
                0x0000000008007d0c                xQueueGenericSend
 .text.xQueueGenericSendFromISR
                0x0000000008007f08      0x136 ./Middlewares/Third_Party/FreeRTOS/Source/queue.o
                0x0000000008007f08                xQueueGenericSendFromISR
 *fill*         0x000000000800803e        0x2 
 .text.xQueueReceive
                0x0000000008008040      0x1c0 ./Middlewares/Third_Party/FreeRTOS/Source/queue.o
                0x0000000008008040                xQueueReceive
 .text.xQueueReceiveFromISR
                0x0000000008008200      0x100 ./Middlewares/Third_Party/FreeRTOS/Source/queue.o
                0x0000000008008200                xQueueReceiveFromISR
 .text.prvCopyDataToQueue
                0x0000000008008300       0xd4 ./Middlewares/Third_Party/FreeRTOS/Source/queue.o
 .text.prvCopyDataFromQueue
                0x00000000080083d4       0x4c ./Middlewares/Third_Party/FreeRTOS/Source/queue.o
 .text.prvUnlockQueue
                0x0000000008008420       0xa4 ./Middlewares/Third_Party/FreeRTOS/Source/queue.o
 .text.prvIsQueueEmpty
                0x00000000080084c4       0x2c ./Middlewares/Third_Party/FreeRTOS/Source/queue.o
 .text.prvIsQueueFull
                0x00000000080084f0       0x30 ./Middlewares/Third_Party/FreeRTOS/Source/queue.o
 .text.xTaskCreateStatic
                0x0000000008008520       0xba ./Middlewares/Third_Party/FreeRTOS/Source/tasks.o
                0x0000000008008520                xTaskCreateStatic
 .text.xTaskCreate
                0x00000000080085da       0x8a ./Middlewares/Third_Party/FreeRTOS/Source/tasks.o
                0x00000000080085da                xTaskCreate
 .text.prvInitialiseNewTask
                0x0000000008008664      0x13c ./Middlewares/Third_Party/FreeRTOS/Source/tasks.o
 .text.prvAddNewTaskToReadyList
                0x00000000080087a0       0xd4 ./Middlewares/Third_Party/FreeRTOS/Source/tasks.o
 .text.vTaskDelayUntil
                0x0000000008008874       0xfc ./Middlewares/Third_Party/FreeRTOS/Source/tasks.o
                0x0000000008008874                vTaskDelayUntil
 .text.vTaskDelay
                0x0000000008008970       0x68 ./Middlewares/Third_Party/FreeRTOS/Source/tasks.o
                0x0000000008008970                vTaskDelay
 .text.vTaskStartScheduler
                0x00000000080089d8       0xd4 ./Middlewares/Third_Party/FreeRTOS/Source/tasks.o
                0x00000000080089d8                vTaskStartScheduler
 .text.vTaskSuspendAll
                0x0000000008008aac       0x1c ./Middlewares/Third_Party/FreeRTOS/Source/tasks.o
                0x0000000008008aac                vTaskSuspendAll
 .text.xTaskResumeAll
                0x0000000008008ac8      0x138 ./Middlewares/Third_Party/FreeRTOS/Source/tasks.o
                0x0000000008008ac8                xTaskResumeAll
 .text.xTaskGetTickCount
                0x0000000008008c00       0x20 ./Middlewares/Third_Party/FreeRTOS/Source/tasks.o
                0x0000000008008c00                xTaskGetTickCount
 .text.xTaskGetTickCountFromISR
                0x0000000008008c20       0x24 ./Middlewares/Third_Party/FreeRTOS/Source/tasks.o
                0x0000000008008c20                xTaskGetTickCountFromISR
 .text.xTaskIncrementTick
                0x0000000008008c44      0x170 ./Middlewares/Third_Party/FreeRTOS/Source/tasks.o
                0x0000000008008c44                xTaskIncrementTick
 .text.vTaskSwitchContext
                0x0000000008008db4       0xc4 ./Middlewares/Third_Party/FreeRTOS/Source/tasks.o
                0x0000000008008db4                vTaskSwitchContext
 .text.vTaskPlaceOnEventList
                0x0000000008008e78       0x48 ./Middlewares/Third_Party/FreeRTOS/Source/tasks.o
                0x0000000008008e78                vTaskPlaceOnEventList
 .text.xTaskRemoveFromEventList
                0x0000000008008ec0       0xc4 ./Middlewares/Third_Party/FreeRTOS/Source/tasks.o
                0x0000000008008ec0                xTaskRemoveFromEventList
 .text.vTaskInternalSetTimeOutState
                0x0000000008008f84       0x2c ./Middlewares/Third_Party/FreeRTOS/Source/tasks.o
                0x0000000008008f84                vTaskInternalSetTimeOutState
 .text.xTaskCheckForTimeOut
                0x0000000008008fb0       0xc4 ./Middlewares/Third_Party/FreeRTOS/Source/tasks.o
                0x0000000008008fb0                xTaskCheckForTimeOut
 .text.vTaskMissedYield
                0x0000000008009074       0x18 ./Middlewares/Third_Party/FreeRTOS/Source/tasks.o
                0x0000000008009074                vTaskMissedYield
 .text.prvIdleTask
                0x000000000800908c       0x30 ./Middlewares/Third_Party/FreeRTOS/Source/tasks.o
 .text.prvInitialiseTaskLists
                0x00000000080090bc       0x80 ./Middlewares/Third_Party/FreeRTOS/Source/tasks.o
 .text.prvCheckTasksWaitingTermination
                0x000000000800913c       0x5c ./Middlewares/Third_Party/FreeRTOS/Source/tasks.o
 .text.prvDeleteTCB
                0x0000000008009198       0x68 ./Middlewares/Third_Party/FreeRTOS/Source/tasks.o
 .text.prvResetNextTaskUnblockTime
                0x0000000008009200       0x40 ./Middlewares/Third_Party/FreeRTOS/Source/tasks.o
 .text.xTaskGetSchedulerState
                0x0000000008009240       0x3c ./Middlewares/Third_Party/FreeRTOS/Source/tasks.o
                0x0000000008009240                xTaskGetSchedulerState
 .text.xTaskPriorityDisinherit
                0x000000000800927c      0x10c ./Middlewares/Third_Party/FreeRTOS/Source/tasks.o
                0x000000000800927c                xTaskPriorityDisinherit
 .text.prvAddCurrentTaskToDelayedList
                0x0000000008009388       0xcc ./Middlewares/Third_Party/FreeRTOS/Source/tasks.o
 .text.pxPortInitialiseStack
                0x0000000008009454       0x68 ./Middlewares/Third_Party/FreeRTOS/Source/portable/GCC/ARM_CM4F/port.o
                0x0000000008009454                pxPortInitialiseStack
 .text.prvTaskExitError
                0x00000000080094bc       0x58 ./Middlewares/Third_Party/FreeRTOS/Source/portable/GCC/ARM_CM4F/port.o
 *fill*         0x0000000008009514        0xc 
 .text.SVC_Handler
                0x0000000008009520       0x28 ./Middlewares/Third_Party/FreeRTOS/Source/portable/GCC/ARM_CM4F/port.o
                0x0000000008009520                SVC_Handler
 .text.prvPortStartFirstTask
                0x0000000008009548       0x28 ./Middlewares/Third_Party/FreeRTOS/Source/portable/GCC/ARM_CM4F/port.o
 .text.xPortStartScheduler
                0x0000000008009570      0x144 ./Middlewares/Third_Party/FreeRTOS/Source/portable/GCC/ARM_CM4F/port.o
                0x0000000008009570                xPortStartScheduler
 .text.vPortEnterCritical
                0x00000000080096b4       0x60 ./Middlewares/Third_Party/FreeRTOS/Source/portable/GCC/ARM_CM4F/port.o
                0x00000000080096b4                vPortEnterCritical
 .text.vPortExitCritical
                0x0000000008009714       0x54 ./Middlewares/Third_Party/FreeRTOS/Source/portable/GCC/ARM_CM4F/port.o
                0x0000000008009714                vPortExitCritical
 *fill*         0x0000000008009768        0x8 
 .text.PendSV_Handler
                0x0000000008009770       0x68 ./Middlewares/Third_Party/FreeRTOS/Source/portable/GCC/ARM_CM4F/port.o
                0x0000000008009770                PendSV_Handler
 .text.SysTick_Handler
                0x00000000080097d8       0x44 ./Middlewares/Third_Party/FreeRTOS/Source/portable/GCC/ARM_CM4F/port.o
                0x00000000080097d8                SysTick_Handler
 .text.vPortSetupTimerInterrupt
                0x000000000800981c       0x48 ./Middlewares/Third_Party/FreeRTOS/Source/portable/GCC/ARM_CM4F/port.o
                0x000000000800981c                vPortSetupTimerInterrupt
 .text.vPortEnableVFP
                0x0000000008009864       0x14 ./Middlewares/Third_Party/FreeRTOS/Source/portable/GCC/ARM_CM4F/port.o
 .text.vPortValidateInterruptPriority
                0x0000000008009878       0x80 ./Middlewares/Third_Party/FreeRTOS/Source/portable/GCC/ARM_CM4F/port.o
                0x0000000008009878                vPortValidateInterruptPriority
 .text.pvPortMalloc
                0x00000000080098f8      0x198 ./Middlewares/Third_Party/FreeRTOS/Source/portable/MemMang/heap_4.o
                0x00000000080098f8                pvPortMalloc
 .text.vPortFree
                0x0000000008009a90       0xc4 ./Middlewares/Third_Party/FreeRTOS/Source/portable/MemMang/heap_4.o
                0x0000000008009a90                vPortFree
 .text.prvHeapInit
                0x0000000008009b54       0xc4 ./Middlewares/Third_Party/FreeRTOS/Source/portable/MemMang/heap_4.o
 .text.prvInsertBlockIntoFreeList
                0x0000000008009c18       0xb4 ./Middlewares/Third_Party/FreeRTOS/Source/portable/MemMang/heap_4.o
 .text.__errno  0x0000000008009ccc        0xc d:/st/stm32cubeide_1.8.0/stm32cubeide/plugins/com.st.stm32cube.ide.mcu.externaltools.gnu-tools-for-stm32.9-2020-q2-update.win32_2.0.0.202105311346/tools/bin/../lib/gcc/arm-none-eabi/9.3.1/../../../../arm-none-eabi/lib/thumb/v7e-m+fp/hard\libc_nano.a(lib_a-errno.o)
                0x0000000008009ccc                __errno
 .text.__libc_init_array
                0x0000000008009cd8       0x48 d:/st/stm32cubeide_1.8.0/stm32cubeide/plugins/com.st.stm32cube.ide.mcu.externaltools.gnu-tools-for-stm32.9-2020-q2-update.win32_2.0.0.202105311346/tools/bin/../lib/gcc/arm-none-eabi/9.3.1/../../../../arm-none-eabi/lib/thumb/v7e-m+fp/hard\libc_nano.a(lib_a-init.o)
                0x0000000008009cd8                __libc_init_array
 .text.__retarget_lock_acquire_recursive
                0x0000000008009d20        0x2 d:/st/stm32cubeide_1.8.0/stm32cubeide/plugins/com.st.stm32cube.ide.mcu.externaltools.gnu-tools-for-stm32.9-2020-q2-update.win32_2.0.0.202105311346/tools/bin/../lib/gcc/arm-none-eabi/9.3.1/../../../../arm-none-eabi/lib/thumb/v7e-m+fp/hard\libc_nano.a(lib_a-lock.o)
                0x0000000008009d20                __retarget_lock_acquire_recursive
 .text.__retarget_lock_release_recursive
                0x0000000008009d22        0x2 d:/st/stm32cubeide_1.8.0/stm32cubeide/plugins/com.st.stm32cube.ide.mcu.externaltools.gnu-tools-for-stm32.9-2020-q2-update.win32_2.0.0.202105311346/tools/bin/../lib/gcc/arm-none-eabi/9.3.1/../../../../arm-none-eabi/lib/thumb/v7e-m+fp/hard\libc_nano.a(lib_a-lock.o)
                0x0000000008009d22                __retarget_lock_release_recursive
 .text.memcpy   0x0000000008009d24       0x1c d:/st/stm32cubeide_1.8.0/stm32cubeide/plugins/com.st.stm32cube.ide.mcu.externaltools.gnu-tools-for-stm32.9-2020-q2-update.win32_2.0.0.202105311346/tools/bin/../lib/gcc/arm-none-eabi/9.3.1/../../../../arm-none-eabi/lib/thumb/v7e-m+fp/hard\libc_nano.a(lib_a-memcpy-stub.o)
                0x0000000008009d24                memcpy
 .text.memset   0x0000000008009d40       0x10 d:/st/stm32cubeide_1.8.0/stm32cubeide/plugins/com.st.stm32cube.ide.mcu.externaltools.gnu-tools-for-stm32.9-2020-q2-update.win32_2.0.0.202105311346/tools/bin/../lib/gcc/arm-none-eabi/9.3.1/../../../../arm-none-eabi/lib/thumb/v7e-m+fp/hard\libc_nano.a(lib_a-memset.o)
                0x0000000008009d40                memset
 .text._malloc_r
                0x0000000008009d50       0xb4 d:/st/stm32cubeide_1.8.0/stm32cubeide/plugins/com.st.stm32cube.ide.mcu.externaltools.gnu-tools-for-stm32.9-2020-q2-update.win32_2.0.0.202105311346/tools/bin/../lib/gcc/arm-none-eabi/9.3.1/../../../../arm-none-eabi/lib/thumb/v7e-m+fp/hard\libc_nano.a(lib_a-nano-mallocr.o)
                0x0000000008009d50                _malloc_r
 .text.cleanup_glue
                0x0000000008009e04       0x1a d:/st/stm32cubeide_1.8.0/stm32cubeide/plugins/com.st.stm32cube.ide.mcu.externaltools.gnu-tools-for-stm32.9-2020-q2-update.win32_2.0.0.202105311346/tools/bin/../lib/gcc/arm-none-eabi/9.3.1/../../../../arm-none-eabi/lib/thumb/v7e-m+fp/hard\libc_nano.a(lib_a-reent.o)
                0x0000000008009e04                cleanup_glue
 *fill*         0x0000000008009e1e        0x2 
 .text._reclaim_reent
                0x0000000008009e20       0xb8 d:/st/stm32cubeide_1.8.0/stm32cubeide/plugins/com.st.stm32cube.ide.mcu.externaltools.gnu-tools-for-stm32.9-2020-q2-update.win32_2.0.0.202105311346/tools/bin/../lib/gcc/arm-none-eabi/9.3.1/../../../../arm-none-eabi/lib/thumb/v7e-m+fp/hard\libc_nano.a(lib_a-reent.o)
                0x0000000008009e20                _reclaim_reent
 .text._sbrk_r  0x0000000008009ed8       0x20 d:/st/stm32cubeide_1.8.0/stm32cubeide/plugins/com.st.stm32cube.ide.mcu.externaltools.gnu-tools-for-stm32.9-2020-q2-update.win32_2.0.0.202105311346/tools/bin/../lib/gcc/arm-none-eabi/9.3.1/../../../../arm-none-eabi/lib/thumb/v7e-m+fp/hard\libc_nano.a(lib_a-sbrkr.o)
                0x0000000008009ed8                _sbrk_r
 .text.sprintf  0x0000000008009ef8       0x40 d:/st/stm32cubeide_1.8.0/stm32cubeide/plugins/com.st.stm32cube.ide.mcu.externaltools.gnu-tools-for-stm32.9-2020-q2-update.win32_2.0.0.202105311346/tools/bin/../lib/gcc/arm-none-eabi/9.3.1/../../../../arm-none-eabi/lib/thumb/v7e-m+fp/hard\libc_nano.a(lib_a-sprintf.o)
                0x0000000008009ef8                siprintf
                0x0000000008009ef8                sprintf
 .text.strcat   0x0000000008009f38       0x1e d:/st/stm32cubeide_1.8.0/stm32cubeide/plugins/com.st.stm32cube.ide.mcu.externaltools.gnu-tools-for-stm32.9-2020-q2-update.win32_2.0.0.202105311346/tools/bin/../lib/gcc/arm-none-eabi/9.3.1/../../../../arm-none-eabi/lib/thumb/v7e-m+fp/hard\libc_nano.a(lib_a-strcat.o)
                0x0000000008009f38                strcat
 *fill*         0x0000000008009f56        0x2 
 .text.__malloc_lock
                0x0000000008009f58        0xc d:/st/stm32cubeide_1.8.0/stm32cubeide/plugins/com.st.stm32cube.ide.mcu.externaltools.gnu-tools-for-stm32.9-2020-q2-update.win32_2.0.0.202105311346/tools/bin/../lib/gcc/arm-none-eabi/9.3.1/../../../../arm-none-eabi/lib/thumb/v7e-m+fp/hard\libc_nano.a(lib_a-mlock.o)
                0x0000000008009f58                __malloc_lock
 .text.__malloc_unlock
                0x0000000008009f64        0xc d:/st/stm32cubeide_1.8.0/stm32cubeide/plugins/com.st.stm32cube.ide.mcu.externaltools.gnu-tools-for-stm32.9-2020-q2-update.win32_2.0.0.202105311346/tools/bin/../lib/gcc/arm-none-eabi/9.3.1/../../../../arm-none-eabi/lib/thumb/v7e-m+fp/hard\libc_nano.a(lib_a-mlock.o)
                0x0000000008009f64                __malloc_unlock
 .text._free_r  0x0000000008009f70       0xa0 d:/st/stm32cubeide_1.8.0/stm32cubeide/plugins/com.st.stm32cube.ide.mcu.externaltools.gnu-tools-for-stm32.9-2020-q2-update.win32_2.0.0.202105311346/tools/bin/../lib/gcc/arm-none-eabi/9.3.1/../../../../arm-none-eabi/lib/thumb/v7e-m+fp/hard\libc_nano.a(lib_a-nano-freer.o)
                0x0000000008009f70                _free_r
 .text.__ssputs_r
                0x000000000800a010       0xb6 d:/st/stm32cubeide_1.8.0/stm32cubeide/plugins/com.st.stm32cube.ide.mcu.externaltools.gnu-tools-for-stm32.9-2020-q2-update.win32_2.0.0.202105311346/tools/bin/../lib/gcc/arm-none-eabi/9.3.1/../../../../arm-none-eabi/lib/thumb/v7e-m+fp/hard\libc_nano.a(lib_a-nano-svfprintf.o)
                0x000000000800a010                __ssputs_r
 *fill*         0x000000000800a0c6        0x2 
 .text._svfprintf_r
                0x000000000800a0c8      0x200 d:/st/stm32cubeide_1.8.0/stm32cubeide/plugins/com.st.stm32cube.ide.mcu.externaltools.gnu-tools-for-stm32.9-2020-q2-update.win32_2.0.0.202105311346/tools/bin/../lib/gcc/arm-none-eabi/9.3.1/../../../../arm-none-eabi/lib/thumb/v7e-m+fp/hard\libc_nano.a(lib_a-nano-svfprintf.o)
                0x000000000800a0c8                _svfiprintf_r
                0x000000000800a0c8                _svfprintf_r
 .text._printf_common
                0x000000000800a2c8       0xda d:/st/stm32cubeide_1.8.0/stm32cubeide/plugins/com.st.stm32cube.ide.mcu.externaltools.gnu-tools-for-stm32.9-2020-q2-update.win32_2.0.0.202105311346/tools/bin/../lib/gcc/arm-none-eabi/9.3.1/../../../../arm-none-eabi/lib/thumb/v7e-m+fp/hard\libc_nano.a(lib_a-nano-vfprintf_i.o)
                0x000000000800a2c8                _printf_common
 *fill*         0x000000000800a3a2        0x2 
 .text._printf_i
                0x000000000800a3a4      0x24c d:/st/stm32cubeide_1.8.0/stm32cubeide/plugins/com.st.stm32cube.ide.mcu.externaltools.gnu-tools-for-stm32.9-2020-q2-update.win32_2.0.0.202105311346/tools/bin/../lib/gcc/arm-none-eabi/9.3.1/../../../../arm-none-eabi/lib/thumb/v7e-m+fp/hard\libc_nano.a(lib_a-nano-vfprintf_i.o)
                0x000000000800a3a4                _printf_i
 .text.memmove  0x000000000800a5f0       0x34 d:/st/stm32cubeide_1.8.0/stm32cubeide/plugins/com.st.stm32cube.ide.mcu.externaltools.gnu-tools-for-stm32.9-2020-q2-update.win32_2.0.0.202105311346/tools/bin/../lib/gcc/arm-none-eabi/9.3.1/../../../../arm-none-eabi/lib/thumb/v7e-m+fp/hard\libc_nano.a(lib_a-memmove.o)
                0x000000000800a5f0                memmove
 .text._realloc_r
                0x000000000800a624       0x4c d:/st/stm32cubeide_1.8.0/stm32cubeide/plugins/com.st.stm32cube.ide.mcu.externaltools.gnu-tools-for-stm32.9-2020-q2-update.win32_2.0.0.202105311346/tools/bin/../lib/gcc/arm-none-eabi/9.3.1/../../../../arm-none-eabi/lib/thumb/v7e-m+fp/hard\libc_nano.a(lib_a-nano-reallocr.o)
                0x000000000800a624                _realloc_r
 .text._malloc_usable_size_r
                0x000000000800a670       0x10 d:/st/stm32cubeide_1.8.0/stm32cubeide/plugins/com.st.stm32cube.ide.mcu.externaltools.gnu-tools-for-stm32.9-2020-q2-update.win32_2.0.0.202105311346/tools/bin/../lib/gcc/arm-none-eabi/9.3.1/../../../../arm-none-eabi/lib/thumb/v7e-m+fp/hard\libc_nano.a(lib_a-nano-msizer.o)
                0x000000000800a670                _malloc_usable_size_r
 *(.glue_7)
 .glue_7        0x000000000800a680        0x0 linker stubs
 *(.glue_7t)
 .glue_7t       0x000000000800a680        0x0 linker stubs
 *(.eh_frame)
 .eh_frame      0x000000000800a680        0x0 d:/st/stm32cubeide_1.8.0/stm32cubeide/plugins/com.st.stm32cube.ide.mcu.externaltools.gnu-tools-for-stm32.9-2020-q2-update.win32_2.0.0.202105311346/tools/bin/../lib/gcc/arm-none-eabi/9.3.1/thumb/v7e-m+fp/hard/crtbegin.o
 *(.init)
 .init          0x000000000800a680        0x4 d:/st/stm32cubeide_1.8.0/stm32cubeide/plugins/com.st.stm32cube.ide.mcu.externaltools.gnu-tools-for-stm32.9-2020-q2-update.win32_2.0.0.202105311346/tools/bin/../lib/gcc/arm-none-eabi/9.3.1/thumb/v7e-m+fp/hard/crti.o
                0x000000000800a680                _init
 .init          0x000000000800a684        0x8 d:/st/stm32cubeide_1.8.0/stm32cubeide/plugins/com.st.stm32cube.ide.mcu.externaltools.gnu-tools-for-stm32.9-2020-q2-update.win32_2.0.0.202105311346/tools/bin/../lib/gcc/arm-none-eabi/9.3.1/thumb/v7e-m+fp/hard/crtn.o
 *(.fini)
 .fini          0x000000000800a68c        0x4 d:/st/stm32cubeide_1.8.0/stm32cubeide/plugins/com.st.stm32cube.ide.mcu.externaltools.gnu-tools-for-stm32.9-2020-q2-update.win32_2.0.0.202105311346/tools/bin/../lib/gcc/arm-none-eabi/9.3.1/thumb/v7e-m+fp/hard/crti.o
                0x000000000800a68c                _fini
 .fini          0x000000000800a690        0x8 d:/st/stm32cubeide_1.8.0/stm32cubeide/plugins/com.st.stm32cube.ide.mcu.externaltools.gnu-tools-for-stm32.9-2020-q2-update.win32_2.0.0.202105311346/tools/bin/../lib/gcc/arm-none-eabi/9.3.1/thumb/v7e-m+fp/hard/crtn.o
                0x000000000800a698                . = ALIGN (0x4)
                0x000000000800a698                _etext = .

.vfp11_veneer   0x000000000800a698        0x0
 .vfp11_veneer  0x000000000800a698        0x0 linker stubs

.v4_bx          0x000000000800a698        0x0
 .v4_bx         0x000000000800a698        0x0 linker stubs

.iplt           0x000000000800a698        0x0
 .iplt          0x000000000800a698        0x0 d:/st/stm32cubeide_1.8.0/stm32cubeide/plugins/com.st.stm32cube.ide.mcu.externaltools.gnu-tools-for-stm32.9-2020-q2-update.win32_2.0.0.202105311346/tools/bin/../lib/gcc/arm-none-eabi/9.3.1/thumb/v7e-m+fp/hard/crtbegin.o

.rodata         0x000000000800a698      0x2ec
                0x000000000800a698                . = ALIGN (0x4)
 *(.rodata)
 .rodata        0x000000000800a698       0x38 ./Core/Src/RTOSADC.o
 .rodata        0x000000000800a6d0      0x1d0 ./Core/Src/freertos.o
 .rodata        0x000000000800a8a0        0x5 ./Middlewares/Third_Party/FreeRTOS/Source/tasks.o
 *(.rodata*)
 *fill*         0x000000000800a8a5        0x3 
 .rodata.AHBPrescTable
                0x000000000800a8a8       0x10 ./Core/Src/system_stm32l4xx.o
                0x000000000800a8a8                AHBPrescTable
 .rodata.APBPrescTable
                0x000000000800a8b8        0x8 ./Core/Src/system_stm32l4xx.o
                0x000000000800a8b8                APBPrescTable
 .rodata.MSIRangeTable
                0x000000000800a8c0       0x30 ./Core/Src/system_stm32l4xx.o
                0x000000000800a8c0                MSIRangeTable
 .rodata.__sf_fake_stderr
                0x000000000800a8f0       0x20 d:/st/stm32cubeide_1.8.0/stm32cubeide/plugins/com.st.stm32cube.ide.mcu.externaltools.gnu-tools-for-stm32.9-2020-q2-update.win32_2.0.0.202105311346/tools/bin/../lib/gcc/arm-none-eabi/9.3.1/../../../../arm-none-eabi/lib/thumb/v7e-m+fp/hard\libc_nano.a(lib_a-findfp.o)
                0x000000000800a8f0                __sf_fake_stderr
 .rodata.__sf_fake_stdin
                0x000000000800a910       0x20 d:/st/stm32cubeide_1.8.0/stm32cubeide/plugins/com.st.stm32cube.ide.mcu.externaltools.gnu-tools-for-stm32.9-2020-q2-update.win32_2.0.0.202105311346/tools/bin/../lib/gcc/arm-none-eabi/9.3.1/../../../../arm-none-eabi/lib/thumb/v7e-m+fp/hard\libc_nano.a(lib_a-findfp.o)
                0x000000000800a910                __sf_fake_stdin
 .rodata.__sf_fake_stdout
                0x000000000800a930       0x20 d:/st/stm32cubeide_1.8.0/stm32cubeide/plugins/com.st.stm32cube.ide.mcu.externaltools.gnu-tools-for-stm32.9-2020-q2-update.win32_2.0.0.202105311346/tools/bin/../lib/gcc/arm-none-eabi/9.3.1/../../../../arm-none-eabi/lib/thumb/v7e-m+fp/hard\libc_nano.a(lib_a-findfp.o)
                0x000000000800a930                __sf_fake_stdout
 .rodata._svfprintf_r.str1.1
                0x000000000800a950       0x11 d:/st/stm32cubeide_1.8.0/stm32cubeide/plugins/com.st.stm32cube.ide.mcu.externaltools.gnu-tools-for-stm32.9-2020-q2-update.win32_2.0.0.202105311346/tools/bin/../lib/gcc/arm-none-eabi/9.3.1/../../../../arm-none-eabi/lib/thumb/v7e-m+fp/hard\libc_nano.a(lib_a-nano-svfprintf.o)
 .rodata._printf_i.str1.1
                0x000000000800a961       0x22 d:/st/stm32cubeide_1.8.0/stm32cubeide/plugins/com.st.stm32cube.ide.mcu.externaltools.gnu-tools-for-stm32.9-2020-q2-update.win32_2.0.0.202105311346/tools/bin/../lib/gcc/arm-none-eabi/9.3.1/../../../../arm-none-eabi/lib/thumb/v7e-m+fp/hard\libc_nano.a(lib_a-nano-vfprintf_i.o)
                0x000000000800a984                . = ALIGN (0x4)
 *fill*         0x000000000800a983        0x1 

.ARM.extab      0x000000000800a984        0x0
                0x000000000800a984                . = ALIGN (0x4)
 *(.ARM.extab* .gnu.linkonce.armextab.*)
                0x000000000800a984                . = ALIGN (0x4)

.ARM            0x000000000800a984        0x8
                0x000000000800a984                . = ALIGN (0x4)
                0x000000000800a984                __exidx_start = .
 *(.ARM.exidx*)
 .ARM.exidx     0x000000000800a984        0x8 d:/st/stm32cubeide_1.8.0/stm32cubeide/plugins/com.st.stm32cube.ide.mcu.externaltools.gnu-tools-for-stm32.9-2020-q2-update.win32_2.0.0.202105311346/tools/bin/../lib/gcc/arm-none-eabi/9.3.1/thumb/v7e-m+fp/hard\libgcc.a(_udivmoddi4.o)
                0x000000000800a98c                __exidx_end = .
                0x000000000800a98c                . = ALIGN (0x4)

.rel.dyn        0x000000000800a98c        0x0
 .rel.iplt      0x000000000800a98c        0x0 d:/st/stm32cubeide_1.8.0/stm32cubeide/plugins/com.st.stm32cube.ide.mcu.externaltools.gnu-tools-for-stm32.9-2020-q2-update.win32_2.0.0.202105311346/tools/bin/../lib/gcc/arm-none-eabi/9.3.1/thumb/v7e-m+fp/hard/crtbegin.o

.preinit_array  0x000000000800a98c        0x0
                0x000000000800a98c                . = ALIGN (0x4)
                0x000000000800a98c                PROVIDE (__preinit_array_start = .)
 *(.preinit_array*)
                0x000000000800a98c                PROVIDE (__preinit_array_end = .)
                0x000000000800a98c                . = ALIGN (0x4)

.init_array     0x000000000800a98c        0x4
                0x000000000800a98c                . = ALIGN (0x4)
                0x000000000800a98c                PROVIDE (__init_array_start = .)
 *(SORT_BY_NAME(.init_array.*))
 *(.init_array*)
 .init_array    0x000000000800a98c        0x4 d:/st/stm32cubeide_1.8.0/stm32cubeide/plugins/com.st.stm32cube.ide.mcu.externaltools.gnu-tools-for-stm32.9-2020-q2-update.win32_2.0.0.202105311346/tools/bin/../lib/gcc/arm-none-eabi/9.3.1/thumb/v7e-m+fp/hard/crtbegin.o
                0x000000000800a990                PROVIDE (__init_array_end = .)
                0x000000000800a990                . = ALIGN (0x4)

.fini_array     0x000000000800a990        0x4
                0x000000000800a990                . = ALIGN (0x4)
                [!provide]                        PROVIDE (__fini_array_start = .)
 *(SORT_BY_NAME(.fini_array.*))
 *(.fini_array*)
 .fini_array    0x000000000800a990        0x4 d:/st/stm32cubeide_1.8.0/stm32cubeide/plugins/com.st.stm32cube.ide.mcu.externaltools.gnu-tools-for-stm32.9-2020-q2-update.win32_2.0.0.202105311346/tools/bin/../lib/gcc/arm-none-eabi/9.3.1/thumb/v7e-m+fp/hard/crtbegin.o
                [!provide]                        PROVIDE (__fini_array_end = .)
                0x000000000800a994                . = ALIGN (0x4)
                0x000000000800a994                _sidata = LOADADDR (.data)

.data           0x0000000020000000       0x80 load address 0x000000000800a994
                0x0000000020000000                . = ALIGN (0x4)
                0x0000000020000000                _sdata = .
 *(.data)
 *(.data*)
 .data.pbuttonstate
                0x0000000020000000        0x4 ./Core/Src/RTOSbuttonLED.o
                0x0000000020000000                pbuttonstate
 .data.GPIOA_ctlp
                0x0000000020000004        0x4 ./Core/Src/RTOSbuttonLED.o
                0x0000000020000004                GPIOA_ctlp
 .data.GPIOC_ctlp
                0x0000000020000008        0x4 ./Core/Src/RTOSbuttonLED.o
                0x0000000020000008                GPIOC_ctlp
 .data.SystemCoreClock
                0x000000002000000c        0x4 ./Core/Src/system_stm32l4xx.o
                0x000000002000000c                SystemCoreClock
 .data.uwTickPrio
                0x0000000020000010        0x4 ./Drivers/STM32L4xx_HAL_Driver/Src/stm32l4xx_hal.o
                0x0000000020000010                uwTickPrio
 .data.uwTickFreq
                0x0000000020000014        0x1 ./Drivers/STM32L4xx_HAL_Driver/Src/stm32l4xx_hal.o
                0x0000000020000014                uwTickFreq
 *fill*         0x0000000020000015        0x3 
 .data.uxCriticalNesting
                0x0000000020000018        0x4 ./Middlewares/Third_Party/FreeRTOS/Source/portable/GCC/ARM_CM4F/port.o
 .data._impure_ptr
                0x000000002000001c        0x4 d:/st/stm32cubeide_1.8.0/stm32cubeide/plugins/com.st.stm32cube.ide.mcu.externaltools.gnu-tools-for-stm32.9-2020-q2-update.win32_2.0.0.202105311346/tools/bin/../lib/gcc/arm-none-eabi/9.3.1/../../../../arm-none-eabi/lib/thumb/v7e-m+fp/hard\libc_nano.a(lib_a-impure.o)
                0x000000002000001c                _impure_ptr
 .data.impure_data
                0x0000000020000020       0x60 d:/st/stm32cubeide_1.8.0/stm32cubeide/plugins/com.st.stm32cube.ide.mcu.externaltools.gnu-tools-for-stm32.9-2020-q2-update.win32_2.0.0.202105311346/tools/bin/../lib/gcc/arm-none-eabi/9.3.1/../../../../arm-none-eabi/lib/thumb/v7e-m+fp/hard\libc_nano.a(lib_a-impure.o)
 *(.RamFunc)
 *(.RamFunc*)
                0x0000000020000080                . = ALIGN (0x4)
                0x0000000020000080                _edata = .

.igot.plt       0x0000000020000080        0x0 load address 0x000000000800aa14
 .igot.plt      0x0000000020000080        0x0 d:/st/stm32cubeide_1.8.0/stm32cubeide/plugins/com.st.stm32cube.ide.mcu.externaltools.gnu-tools-for-stm32.9-2020-q2-update.win32_2.0.0.202105311346/tools/bin/../lib/gcc/arm-none-eabi/9.3.1/thumb/v7e-m+fp/hard/crtbegin.o
                0x0000000020000080                . = ALIGN (0x4)

.bss            0x0000000020000080     0x2ee8 load address 0x000000000800aa14
                0x0000000020000080                _sbss = .
                0x0000000020000080                __bss_start__ = _sbss
 *(.bss)
 .bss           0x0000000020000080       0x1c d:/st/stm32cubeide_1.8.0/stm32cubeide/plugins/com.st.stm32cube.ide.mcu.externaltools.gnu-tools-for-stm32.9-2020-q2-update.win32_2.0.0.202105311346/tools/bin/../lib/gcc/arm-none-eabi/9.3.1/thumb/v7e-m+fp/hard/crtbegin.o
 *(.bss*)
 .bss.adc_a0_value
                0x000000002000009c        0x2 ./Core/Src/RTOSADC.o
                0x000000002000009c                adc_a0_value
 .bss.adc_a1_value
                0x000000002000009e        0x2 ./Core/Src/RTOSADC.o
                0x000000002000009e                adc_a1_value
 .bss.adc_a2_value
                0x00000000200000a0        0x2 ./Core/Src/RTOSADC.o
                0x00000000200000a0                adc_a2_value
 .bss.adc_a3_value
                0x00000000200000a2        0x2 ./Core/Src/RTOSADC.o
                0x00000000200000a2                adc_a3_value
 .bss.adc_a4_value
                0x00000000200000a4        0x2 ./Core/Src/RTOSADC.o
                0x00000000200000a4                adc_a4_value
 .bss.adc_a5_value
                0x00000000200000a6        0x2 ./Core/Src/RTOSADC.o
                0x00000000200000a6                adc_a5_value
 .bss.DFSDM1_Init
                0x00000000200000a8        0x4 ./Core/Src/dfsdm.o
 .bss.xIdleTaskTCBBuffer
                0x00000000200000ac       0xb4 ./Core/Src/freertos.o
 .bss.xIdleStack
                0x0000000020000160      0x200 ./Core/Src/freertos.o
 .bss.__sbrk_heap_end
                0x0000000020000360        0x4 ./Core/Src/sysmem.o
 .bss.v_dfsdm1ChannelCounter
                0x0000000020000364        0x4 ./Drivers/STM32L4xx_HAL_Driver/Src/stm32l4xx_hal_dfsdm.o
 .bss.a_dfsdm1ChannelHandle
                0x0000000020000368       0x20 ./Drivers/STM32L4xx_HAL_Driver/Src/stm32l4xx_hal_dfsdm.o
 .bss.pxCurrentTCB
                0x0000000020000388        0x4 ./Middlewares/Third_Party/FreeRTOS/Source/tasks.o
                0x0000000020000388                pxCurrentTCB
 .bss.pxReadyTasksLists
                0x000000002000038c       0x8c ./Middlewares/Third_Party/FreeRTOS/Source/tasks.o
 .bss.xDelayedTaskList1
                0x0000000020000418       0x14 ./Middlewares/Third_Party/FreeRTOS/Source/tasks.o
 .bss.xDelayedTaskList2
                0x000000002000042c       0x14 ./Middlewares/Third_Party/FreeRTOS/Source/tasks.o
 .bss.pxDelayedTaskList
                0x0000000020000440        0x4 ./Middlewares/Third_Party/FreeRTOS/Source/tasks.o
 .bss.pxOverflowDelayedTaskList
                0x0000000020000444        0x4 ./Middlewares/Third_Party/FreeRTOS/Source/tasks.o
 .bss.xPendingReadyList
                0x0000000020000448       0x14 ./Middlewares/Third_Party/FreeRTOS/Source/tasks.o
 .bss.xTasksWaitingTermination
                0x000000002000045c       0x14 ./Middlewares/Third_Party/FreeRTOS/Source/tasks.o
 .bss.uxDeletedTasksWaitingCleanUp
                0x0000000020000470        0x4 ./Middlewares/Third_Party/FreeRTOS/Source/tasks.o
 .bss.xSuspendedTaskList
                0x0000000020000474       0x14 ./Middlewares/Third_Party/FreeRTOS/Source/tasks.o
 .bss.uxCurrentNumberOfTasks
                0x0000000020000488        0x4 ./Middlewares/Third_Party/FreeRTOS/Source/tasks.o
 .bss.xTickCount
                0x000000002000048c        0x4 ./Middlewares/Third_Party/FreeRTOS/Source/tasks.o
 .bss.uxTopReadyPriority
                0x0000000020000490        0x4 ./Middlewares/Third_Party/FreeRTOS/Source/tasks.o
 .bss.xSchedulerRunning
                0x0000000020000494        0x4 ./Middlewares/Third_Party/FreeRTOS/Source/tasks.o
 .bss.xPendedTicks
                0x0000000020000498        0x4 ./Middlewares/Third_Party/FreeRTOS/Source/tasks.o
 .bss.xYieldPending
                0x000000002000049c        0x4 ./Middlewares/Third_Party/FreeRTOS/Source/tasks.o
 .bss.xNumOfOverflows
                0x00000000200004a0        0x4 ./Middlewares/Third_Party/FreeRTOS/Source/tasks.o
 .bss.uxTaskNumber
                0x00000000200004a4        0x4 ./Middlewares/Third_Party/FreeRTOS/Source/tasks.o
 .bss.xNextTaskUnblockTime
                0x00000000200004a8        0x4 ./Middlewares/Third_Party/FreeRTOS/Source/tasks.o
 .bss.xIdleTaskHandle
                0x00000000200004ac        0x4 ./Middlewares/Third_Party/FreeRTOS/Source/tasks.o
 .bss.uxSchedulerSuspended
                0x00000000200004b0        0x4 ./Middlewares/Third_Party/FreeRTOS/Source/tasks.o
 .bss.ucMaxSysCallPriority
                0x00000000200004b4        0x1 ./Middlewares/Third_Party/FreeRTOS/Source/portable/GCC/ARM_CM4F/port.o
 *fill*         0x00000000200004b5        0x3 
 .bss.ulMaxPRIGROUPValue
                0x00000000200004b8        0x4 ./Middlewares/Third_Party/FreeRTOS/Source/portable/GCC/ARM_CM4F/port.o
 .bss.ucHeap    0x00000000200004bc     0x2328 ./Middlewares/Third_Party/FreeRTOS/Source/portable/MemMang/heap_4.o
 .bss.xStart    0x00000000200027e4        0x8 ./Middlewares/Third_Party/FreeRTOS/Source/portable/MemMang/heap_4.o
 .bss.pxEnd     0x00000000200027ec        0x4 ./Middlewares/Third_Party/FreeRTOS/Source/portable/MemMang/heap_4.o
 .bss.xFreeBytesRemaining
                0x00000000200027f0        0x4 ./Middlewares/Third_Party/FreeRTOS/Source/portable/MemMang/heap_4.o
 .bss.xMinimumEverFreeBytesRemaining
                0x00000000200027f4        0x4 ./Middlewares/Third_Party/FreeRTOS/Source/portable/MemMang/heap_4.o
 .bss.xNumberOfSuccessfulAllocations
                0x00000000200027f8        0x4 ./Middlewares/Third_Party/FreeRTOS/Source/portable/MemMang/heap_4.o
 .bss.xNumberOfSuccessfulFrees
                0x00000000200027fc        0x4 ./Middlewares/Third_Party/FreeRTOS/Source/portable/MemMang/heap_4.o
 .bss.xBlockAllocatedBit
                0x0000000020002800        0x4 ./Middlewares/Third_Party/FreeRTOS/Source/portable/MemMang/heap_4.o
 .bss.__malloc_free_list
                0x0000000020002804        0x4 d:/st/stm32cubeide_1.8.0/stm32cubeide/plugins/com.st.stm32cube.ide.mcu.externaltools.gnu-tools-for-stm32.9-2020-q2-update.win32_2.0.0.202105311346/tools/bin/../lib/gcc/arm-none-eabi/9.3.1/../../../../arm-none-eabi/lib/thumb/v7e-m+fp/hard\libc_nano.a(lib_a-nano-mallocr.o)
                0x0000000020002804                __malloc_free_list
 .bss.__malloc_sbrk_start
                0x0000000020002808        0x4 d:/st/stm32cubeide_1.8.0/stm32cubeide/plugins/com.st.stm32cube.ide.mcu.externaltools.gnu-tools-for-stm32.9-2020-q2-update.win32_2.0.0.202105311346/tools/bin/../lib/gcc/arm-none-eabi/9.3.1/../../../../arm-none-eabi/lib/thumb/v7e-m+fp/hard\libc_nano.a(lib_a-nano-mallocr.o)
                0x0000000020002808                __malloc_sbrk_start
 *(COMMON)
 COMMON         0x000000002000280c        0x4 ./Core/Src/RTOSbuttonLED.o
                0x000000002000280c                buttonstate
 COMMON         0x0000000020002810       0x64 ./Core/Src/adc.o
                0x0000000020002810                hadc1
 COMMON         0x0000000020002874       0x38 ./Core/Src/dfsdm.o
                0x0000000020002874                hdfsdm1_channel1
 COMMON         0x00000000200028ac       0x58 ./Core/Src/freertos.o
                0x00000000200028ac                myTask09_ADC_A5Handle
                0x00000000200028b0                myTask04_ADC_A0Handle
                0x00000000200028b4                defaultTaskHandle
                0x00000000200028b8                task05_Profiler
                0x00000000200028bc                task02_Profiler
                0x00000000200028c0                task10_Profiler
                0x00000000200028c4                myTask03_LEDHandle
                0x00000000200028c8                myTask10_USART1_TransmitHandle
                0x00000000200028cc                task04_Profiler
                0x00000000200028d0                myTask02_buttonHandle
                0x00000000200028d4                task08_Profiler
                0x00000000200028d8                task07_Profiler
                0x00000000200028dc                usart1_msgQHandle
                0x00000000200028e0                myTask05_ADC_A1Handle
                0x00000000200028e4                task06_Profiler
                0x00000000200028e8                memPool_Id
                0x00000000200028ec                task09_Profiler
                0x00000000200028f0                myTask08_ADC_A4Handle
                0x00000000200028f4                myTask07_ADC_A3Handle
                0x00000000200028f8                task03_Profiler
                0x00000000200028fc                defaultTask_Profiler
                0x0000000020002900                myTask06_ADC_A2Handle
 COMMON         0x0000000020002904       0x4c ./Core/Src/i2c.o
                0x0000000020002904                hi2c2
 COMMON         0x0000000020002950       0x44 ./Core/Src/quadspi.o
                0x0000000020002950                hqspi
 COMMON         0x0000000020002994       0x64 ./Core/Src/spi.o
                0x0000000020002994                hspi3
 COMMON         0x00000000200029f8       0x4c ./Core/Src/stm32l4xx_hal_timebase_tim.o
                0x00000000200029f8                htim17
 COMMON         0x0000000020002a44      0x108 ./Core/Src/usart.o
                0x0000000020002a44                huart3
                0x0000000020002ac8                huart1
 COMMON         0x0000000020002b4c      0x408 ./Core/Src/usb_otg.o
                0x0000000020002b4c                hpcd_USB_OTG_FS
 COMMON         0x0000000020002f54        0x4 ./Drivers/STM32L4xx_HAL_Driver/Src/stm32l4xx_hal.o
                0x0000000020002f54                uwTick
 COMMON         0x0000000020002f58        0x9 d:/st/stm32cubeide_1.8.0/stm32cubeide/plugins/com.st.stm32cube.ide.mcu.externaltools.gnu-tools-for-stm32.9-2020-q2-update.win32_2.0.0.202105311346/tools/bin/../lib/gcc/arm-none-eabi/9.3.1/../../../../arm-none-eabi/lib/thumb/v7e-m+fp/hard\libc_nano.a(lib_a-lock.o)
                0x0000000020002f58                __lock___atexit_recursive_mutex
                0x0000000020002f59                __lock___arc4random_mutex
                0x0000000020002f5a                __lock___env_recursive_mutex
                0x0000000020002f5b                __lock___sinit_recursive_mutex
                0x0000000020002f5c                __lock___malloc_recursive_mutex
                0x0000000020002f5d                __lock___at_quick_exit_mutex
                0x0000000020002f5e                __lock___dd_hash_mutex
                0x0000000020002f5f                __lock___tz_mutex
                0x0000000020002f60                __lock___sfp_recursive_mutex
 *fill*         0x0000000020002f61        0x3 
 COMMON         0x0000000020002f64        0x4 d:/st/stm32cubeide_1.8.0/stm32cubeide/plugins/com.st.stm32cube.ide.mcu.externaltools.gnu-tools-for-stm32.9-2020-q2-update.win32_2.0.0.202105311346/tools/bin/../lib/gcc/arm-none-eabi/9.3.1/../../../../arm-none-eabi/lib/thumb/v7e-m+fp/hard\libc_nano.a(lib_a-reent.o)
                0x0000000020002f64                errno
                0x0000000020002f68                . = ALIGN (0x4)
                0x0000000020002f68                _ebss = .
                0x0000000020002f68                __bss_end__ = _ebss

._user_heap_stack
                0x0000000020002f68      0x600 load address 0x000000000800aa14
                0x0000000020002f68                . = ALIGN (0x8)
                [!provide]                        PROVIDE (end = .)
                0x0000000020002f68                PROVIDE (_end = .)
                0x0000000020003168                . = (. + _Min_Heap_Size)
 *fill*         0x0000000020002f68      0x200 
                0x0000000020003568                . = (. + _Min_Stack_Size)
 *fill*         0x0000000020003168      0x400 
                0x0000000020003568                . = ALIGN (0x8)

/DISCARD/
 libc.a(*)
 libm.a(*)
 libgcc.a(*)

.ARM.attributes
                0x0000000000000000       0x30
 *(.ARM.attributes)
 .ARM.attributes
                0x0000000000000000       0x1e d:/st/stm32cubeide_1.8.0/stm32cubeide/plugins/com.st.stm32cube.ide.mcu.externaltools.gnu-tools-for-stm32.9-2020-q2-update.win32_2.0.0.202105311346/tools/bin/../lib/gcc/arm-none-eabi/9.3.1/thumb/v7e-m+fp/hard/crti.o
 .ARM.attributes
                0x000000000000001e       0x34 d:/st/stm32cubeide_1.8.0/stm32cubeide/plugins/com.st.stm32cube.ide.mcu.externaltools.gnu-tools-for-stm32.9-2020-q2-update.win32_2.0.0.202105311346/tools/bin/../lib/gcc/arm-none-eabi/9.3.1/thumb/v7e-m+fp/hard/crtbegin.o
 .ARM.attributes
                0x0000000000000052       0x34 ./Core/Src/RTOSADC.o
 .ARM.attributes
                0x0000000000000086       0x34 ./Core/Src/RTOSbuttonLED.o
 .ARM.attributes
                0x00000000000000ba       0x34 ./Core/Src/adc.o
 .ARM.attributes
                0x00000000000000ee       0x34 ./Core/Src/dfsdm.o
 .ARM.attributes
                0x0000000000000122       0x34 ./Core/Src/freertos.o
 .ARM.attributes
                0x0000000000000156       0x34 ./Core/Src/gpio.o
 .ARM.attributes
                0x000000000000018a       0x34 ./Core/Src/i2c.o
 .ARM.attributes
                0x00000000000001be       0x34 ./Core/Src/main.o
 .ARM.attributes
                0x00000000000001f2       0x34 ./Core/Src/quadspi.o
 .ARM.attributes
                0x0000000000000226       0x34 ./Core/Src/spi.o
 .ARM.attributes
                0x000000000000025a       0x34 ./Core/Src/stm32l4xx_hal_msp.o
 .ARM.attributes
                0x000000000000028e       0x34 ./Core/Src/stm32l4xx_hal_timebase_tim.o
 .ARM.attributes
                0x00000000000002c2       0x34 ./Core/Src/stm32l4xx_it.o
 .ARM.attributes
                0x00000000000002f6       0x34 ./Core/Src/sysmem.o
 .ARM.attributes
                0x000000000000032a       0x34 ./Core/Src/system_stm32l4xx.o
 .ARM.attributes
                0x000000000000035e       0x34 ./Core/Src/usart.o
 .ARM.attributes
                0x0000000000000392       0x34 ./Core/Src/usb_otg.o
 .ARM.attributes
                0x00000000000003c6       0x21 ./Core/Startup/startup_stm32l475vgtx.o
 .ARM.attributes
                0x00000000000003e7       0x34 ./Drivers/STM32L4xx_HAL_Driver/Src/stm32l4xx_hal.o
 .ARM.attributes
                0x000000000000041b       0x34 ./Drivers/STM32L4xx_HAL_Driver/Src/stm32l4xx_hal_adc.o
 .ARM.attributes
                0x000000000000044f       0x34 ./Drivers/STM32L4xx_HAL_Driver/Src/stm32l4xx_hal_adc_ex.o
 .ARM.attributes
                0x0000000000000483       0x34 ./Drivers/STM32L4xx_HAL_Driver/Src/stm32l4xx_hal_cortex.o
 .ARM.attributes
                0x00000000000004b7       0x34 ./Drivers/STM32L4xx_HAL_Driver/Src/stm32l4xx_hal_dfsdm.o
 .ARM.attributes
                0x00000000000004eb       0x34 ./Drivers/STM32L4xx_HAL_Driver/Src/stm32l4xx_hal_gpio.o
 .ARM.attributes
                0x000000000000051f       0x34 ./Drivers/STM32L4xx_HAL_Driver/Src/stm32l4xx_hal_i2c.o
 .ARM.attributes
                0x0000000000000553       0x34 ./Drivers/STM32L4xx_HAL_Driver/Src/stm32l4xx_hal_i2c_ex.o
 .ARM.attributes
                0x0000000000000587       0x34 ./Drivers/STM32L4xx_HAL_Driver/Src/stm32l4xx_hal_pcd.o
 .ARM.attributes
                0x00000000000005bb       0x34 ./Drivers/STM32L4xx_HAL_Driver/Src/stm32l4xx_hal_pcd_ex.o
 .ARM.attributes
                0x00000000000005ef       0x34 ./Drivers/STM32L4xx_HAL_Driver/Src/stm32l4xx_hal_pwr.o
 .ARM.attributes
                0x0000000000000623       0x34 ./Drivers/STM32L4xx_HAL_Driver/Src/stm32l4xx_hal_pwr_ex.o
 .ARM.attributes
                0x0000000000000657       0x34 ./Drivers/STM32L4xx_HAL_Driver/Src/stm32l4xx_hal_qspi.o
 .ARM.attributes
                0x000000000000068b       0x34 ./Drivers/STM32L4xx_HAL_Driver/Src/stm32l4xx_hal_rcc.o
 .ARM.attributes
                0x00000000000006bf       0x34 ./Drivers/STM32L4xx_HAL_Driver/Src/stm32l4xx_hal_rcc_ex.o
 .ARM.attributes
                0x00000000000006f3       0x34 ./Drivers/STM32L4xx_HAL_Driver/Src/stm32l4xx_hal_spi.o
 .ARM.attributes
                0x0000000000000727       0x34 ./Drivers/STM32L4xx_HAL_Driver/Src/stm32l4xx_hal_tim.o
 .ARM.attributes
                0x000000000000075b       0x34 ./Drivers/STM32L4xx_HAL_Driver/Src/stm32l4xx_hal_tim_ex.o
 .ARM.attributes
                0x000000000000078f       0x34 ./Drivers/STM32L4xx_HAL_Driver/Src/stm32l4xx_hal_uart.o
 .ARM.attributes
                0x00000000000007c3       0x34 ./Drivers/STM32L4xx_HAL_Driver/Src/stm32l4xx_ll_usb.o
 .ARM.attributes
                0x00000000000007f7       0x34 ./Middlewares/Third_Party/FreeRTOS/Source/CMSIS_RTOS/cmsis_os.o
 .ARM.attributes
                0x000000000000082b       0x34 ./Middlewares/Third_Party/FreeRTOS/Source/list.o
 .ARM.attributes
                0x000000000000085f       0x34 ./Middlewares/Third_Party/FreeRTOS/Source/queue.o
 .ARM.attributes
                0x0000000000000893       0x34 ./Middlewares/Third_Party/FreeRTOS/Source/tasks.o
 .ARM.attributes
                0x00000000000008c7       0x34 ./Middlewares/Third_Party/FreeRTOS/Source/portable/GCC/ARM_CM4F/port.o
 .ARM.attributes
                0x00000000000008fb       0x34 ./Middlewares/Third_Party/FreeRTOS/Source/portable/MemMang/heap_4.o
 .ARM.attributes