main.c:112:5:main	8	static
main.c:189:6:init_BSP	8	static
main.c:201:6:test_values	40	static
main.c:247:6:SystemClock_Config	96	static
main.c:301:6:PeriphCommonClock_Config	144	static
main.c:326:6:start_app	8	static
main.c:330:5:connect_wifi	8	static
main.c:339:5:start_connection_to_server	24	static
main.c:366:5:end_connection_to_server	8	static
main.c:373:5:send_data_to_server	32	static
main.c:389:5:send_data_to_ip	40	static
main.c:409:12:wifi_start	40	static
main.c:432:5:wifi_connect	16	static
main.c:457:10:Serial_Scanf	24	static
main.c:476:1:__io_putchar	16	static
main.c:489:1:__io_getchar	16	static
main.c:505:6:HAL_GPIO_EXTI_Callback	16	static
main.c:522:6:SPI3_IRQHandler	8	static
main.c:535:6:HAL_TIM_PeriodElapsedCallback	16	static
main.c:551:6:Error_Handler	4	static,ignoring_inline_asm
